Archive member included to satisfy reference by file (symbol)

app/libapp.a(main.c.obj)      (--whole-archive)
zephyr/libzephyr.a(cbprintf_packaged.c.obj)
                              (--whole-archive)
zephyr/libzephyr.a(dec.c.obj)
                              (--whole-archive)
zephyr/libzephyr.a(fdtable.c.obj)
                              (--whole-archive)
zephyr/libzephyr.a(hex.c.obj)
                              (--whole-archive)
zephyr/libzephyr.a(printk.c.obj)
                              (--whole-archive)
zephyr/libzephyr.a(rb.c.obj)  (--whole-archive)
zephyr/libzephyr.a(sem.c.obj)
                              (--whole-archive)
zephyr/libzephyr.a(thread_entry.c.obj)
                              (--whole-archive)
zephyr/libzephyr.a(timeutil.c.obj)
                              (--whole-archive)
zephyr/libzephyr.a(heap.c.obj)
                              (--whole-archive)
zephyr/libzephyr.a(heap-validate.c.obj)
                              (--whole-archive)
zephyr/libzephyr.a(bitarray.c.obj)
                              (--whole-archive)
zephyr/libzephyr.a(multi_heap.c.obj)
                              (--whole-archive)
zephyr/libzephyr.a(crc32c_sw.c.obj)
                              (--whole-archive)
zephyr/libzephyr.a(crc32_sw.c.obj)
                              (--whole-archive)
zephyr/libzephyr.a(crc16_sw.c.obj)
                              (--whole-archive)
zephyr/libzephyr.a(crc8_sw.c.obj)
                              (--whole-archive)
zephyr/libzephyr.a(crc7_sw.c.obj)
                              (--whole-archive)
zephyr/libzephyr.a(cbprintf_complete.c.obj)
                              (--whole-archive)
zephyr/libzephyr.a(cbprintf.c.obj)
                              (--whole-archive)
zephyr/libzephyr.a(assert.c.obj)
                              (--whole-archive)
zephyr/libzephyr.a(configs.c.obj)
                              (--whole-archive)
zephyr/libzephyr.a(tracing_none.c.obj)
                              (--whole-archive)
zephyr/arch/arch/posix/core/libarch__posix__core.a(cpuhalt.c.obj)
                              (--whole-archive)
zephyr/arch/arch/posix/core/libarch__posix__core.a(fatal.c.obj)
                              (--whole-archive)
zephyr/arch/arch/posix/core/libarch__posix__core.a(irq.c.obj)
                              (--whole-archive)
zephyr/arch/arch/posix/core/libarch__posix__core.a(posix_core.c.obj)
                              (--whole-archive)
zephyr/arch/arch/posix/core/libarch__posix__core.a(swap.c.obj)
                              (--whole-archive)
zephyr/arch/arch/posix/core/libarch__posix__core.a(thread.c.obj)
                              (--whole-archive)
zephyr/soc/posix/inf_clock/libsoc__posix__inf_clock.a(soc.c.obj)
                              (--whole-archive)
zephyr/boards/posix/native_posix/libboards__posix__native_posix.a(hw_models_top.c.obj)
                              (--whole-archive)
zephyr/boards/posix/native_posix/libboards__posix__native_posix.a(timer_model.c.obj)
                              (--whole-archive)
zephyr/boards/posix/native_posix/libboards__posix__native_posix.a(native_rtc.c.obj)
                              (--whole-archive)
zephyr/boards/posix/native_posix/libboards__posix__native_posix.a(irq_handler.c.obj)
                              (--whole-archive)
zephyr/boards/posix/native_posix/libboards__posix__native_posix.a(irq_ctrl.c.obj)
                              (--whole-archive)
zephyr/boards/posix/native_posix/libboards__posix__native_posix.a(main.c.obj)
                              (--whole-archive)
zephyr/boards/posix/native_posix/libboards__posix__native_posix.a(tracing.c.obj)
                              (--whole-archive)
zephyr/boards/posix/native_posix/libboards__posix__native_posix.a(cmdline_common.c.obj)
                              (--whole-archive)
zephyr/boards/posix/native_posix/libboards__posix__native_posix.a(cmdline.c.obj)
                              (--whole-archive)
zephyr/boards/posix/native_posix/libboards__posix__native_posix.a(cpu_wait.c.obj)
                              (--whole-archive)
zephyr/boards/posix/native_posix/libboards__posix__native_posix.a(hw_counter.c.obj)
                              (--whole-archive)
zephyr/drivers/console/libdrivers__console.a(posix_arch_console.c.obj)
                              (--whole-archive)
zephyr/drivers/timer/libdrivers__timer.a(sys_clock_init.c.obj)
                              (--whole-archive)
zephyr/drivers/timer/libdrivers__timer.a(native_posix_timer.c.obj)
                              (--whole-archive)
zephyr/kernel/libkernel.a(fatal.c.obj)
                              zephyr/libzephyr.a(assert.c.obj) (z_fatal_error)
zephyr/kernel/libkernel.a(init.c.obj)
                              zephyr/arch/arch/posix/core/libarch__posix__core.a(posix_core.c.obj) (_kernel)
zephyr/kernel/libkernel.a(thread.c.obj)
                              zephyr/kernel/libkernel.a(init.c.obj) (z_setup_new_thread)
[...]
Memory Configuration

Name             Origin             Length             Attributes
*default*        0x0000000000000000 0xffffffffffffffff

Linker script and memory map

LOAD app/libapp.a
LOAD zephyr/libzephyr.a
LOAD zephyr/arch/arch/posix/core/libarch__posix__core.a
LOAD zephyr/soc/posix/inf_clock/libsoc__posix__inf_clock.a
LOAD zephyr/boards/posix/native_posix/libboards__posix__native_posix.a
LOAD zephyr/drivers/console/libdrivers__console.a
LOAD zephyr/drivers/timer/libdrivers__timer.a
LOAD zephyr/kernel/libkernel.a
LOAD /usr/lib/gcc/x86_64-linux-gnu/11/../../../../lib32/libdl.a
LOAD /usr/lib/gcc/x86_64-linux-gnu/11/../../../../lib32/libm.so
LOAD /usr/lib/gcc/x86_64-linux-gnu/11/32/libgcc.a
LOAD /usr/lib/gcc/x86_64-linux-gnu/11/32/libgcc_s.so
START GROUP
LOAD /usr/lib/gcc/x86_64-linux-gnu/11/../../../../lib32/libgcc_s.so.1
LOAD /usr/lib/gcc/x86_64-linux-gnu/11/32/libgcc.a
END GROUP
LOAD /usr/lib/gcc/x86_64-linux-gnu/11/../../../../lib32/libpthread.a
LOAD /usr/lib/gcc/x86_64-linux-gnu/11/../../../../lib32/libc.so
START GROUP
LOAD /lib32/libc.so.6
LOAD /usr/lib32/libc_nonshared.a
LOAD /lib/ld-linux.so.2
END GROUP
LOAD /usr/lib/gcc/x86_64-linux-gnu/11/32/libgcc.a
LOAD /usr/lib/gcc/x86_64-linux-gnu/11/32/libgcc_s.so
START GROUP
LOAD /usr/lib/gcc/x86_64-linux-gnu/11/../../../../lib32/libgcc_s.so.1
LOAD /usr/lib/gcc/x86_64-linux-gnu/11/32/libgcc.a
END GROUP
LOAD /usr/lib/gcc/x86_64-linux-gnu/11/32/crtendS.o
LOAD /usr/lib/gcc/x86_64-linux-gnu/11/../../../../lib32/crtn.o
                [!provide]                        PROVIDE (__executable_start = SEGMENT_START ("text-segment", 0x8048000))
                0x0000000008048194                . = (SEGMENT_START ("text-segment", 0x8048000) + SIZEOF_HEADERS)

.interp         0x0000000008048194       0x13
 *(SORT_BY_ALIGNMENT(.interp))
 .interp        0x0000000008048194       0x13 /usr/lib/gcc/x86_64-linux-gnu/11/../../../../lib32/Scrt1.o

.note.ABI-tag   0x00000000080481a8       0x20
 .note.ABI-tag  0x00000000080481a8       0x20 /usr/lib/gcc/x86_64-linux-gnu/11/../../../../lib32/Scrt1.o

.note.gnu.build-id
 *(SORT_BY_ALIGNMENT(.note.gnu.build-id))

.hash
 *(SORT_BY_ALIGNMENT(.hash))

.gnu.hash       0x00000000080481c8       0x30
 *(SORT_BY_ALIGNMENT(.gnu.hash))
 .gnu.hash      0x00000000080481c8       0x30 /usr/lib/gcc/x86_64-linux-gnu/11/../../../../lib32/Scrt1.o

.dynsym         0x00000000080481f8      0x2f0
 *(SORT_BY_ALIGNMENT(.dynsym))
 .dynsym        0x00000000080481f8      0x2f0 /usr/lib/gcc/x86_64-linux-gnu/11/../../../../lib32/Scrt1.o

.dynstr         0x00000000080484e8      0x2b1
 *(SORT_BY_ALIGNMENT(.dynstr))
 .dynstr        0x00000000080484e8      0x2b1 /usr/lib/gcc/x86_64-linux-gnu/11/../../../../lib32/Scrt1.o

.gnu.version    0x000000000804879a       0x5e
 *(SORT_BY_ALIGNMENT(.gnu.version))
 .gnu.version   0x000000000804879a       0x5e /usr/lib/gcc/x86_64-linux-gnu/11/../../../../lib32/Scrt1.o

.gnu.version_d  0x00000000080487f8        0x0
 *(SORT_BY_ALIGNMENT(.gnu.version_d))
 .gnu.version_d
                0x00000000080487f8        0x0 /usr/lib/gcc/x86_64-linux-gnu/11/../../../../lib32/Scrt1.o

.gnu.version_r  0x00000000080487f8       0x90
 *(SORT_BY_ALIGNMENT(.gnu.version_r))
 .gnu.version_r
                0x00000000080487f8       0x90 /usr/lib/gcc/x86_64-linux-gnu/11/../../../../lib32/Scrt1.o

.rel.dyn        0x0000000008048888       0x30
 *(SORT_BY_ALIGNMENT(.rel.init))
 *(SORT_BY_ALIGNMENT(.rel.text) SORT_BY_ALIGNMENT(.rel.text.*) SORT_BY_ALIGNMENT(.rel.gnu.linkonce.t.*))
 .rel.text.extract_decimal
                0x0000000008048888        0x0 /usr/lib/gcc/x86_64-linux-gnu/11/../../../../lib32/Scrt1.o
 .rel.text.encode_uint
                0x0000000008048888        0x0 /usr/lib/gcc/x86_64-linux-gnu/11/../../../../lib32/Scrt1.o
 .rel.text.z_cbvprintf_impl
                0x0000000008048888        0x0 /usr/lib/gcc/x86_64-linux-gnu/11/../../../../lib32/Scrt1.o
 .rel.text.posix_preexit_cleanup
                0x0000000008048888        0x0 /usr/lib/gcc/x86_64-linux-gnu/11/../../../../lib32/Scrt1.o
 .rel.text.abort_tail
                0x0000000008048888        0x0 /usr/lib/gcc/x86_64-linux-gnu/11/../../../../lib32/Scrt1.o
 .rel.text.posix_wait_until_allowed
                0x0000000008048888        0x0 /usr/lib/gcc/x86_64-linux-gnu/11/../../../../lib32/Scrt1.o
 .rel.text.posix_cleanup_handler
                0x0000000008048888        0x0 /usr/lib/gcc/x86_64-linux-gnu/11/../../../../lib32/Scrt1.o
 .rel.text.posix_thread_starter
                0x0000000008048888        0x0 /usr/lib/gcc/x86_64-linux-gnu/11/../../../../lib32/Scrt1.o
 .rel.text.posix_swap
                0x0000000008048888        0x0 /usr/lib/gcc/x86_64-linux-gnu/11/../../../../lib32/Scrt1.o
 .rel.text.posix_main_thread_start
                0x0000000008048888        0x0 /usr/lib/gcc/x86_64-linux-gnu/11/../../../../lib32/Scrt1.o
 .rel.text.posix_new_thread
                0x0000000008048888        0x0 /usr/lib/gcc/x86_64-linux-gnu/11/../../../../lib32/Scrt1.o
 .rel.text.posix_init_multithreading
                0x0000000008048888        0x0 /usr/lib/gcc/x86_64-linux-gnu/11/../../../../lib32/Scrt1.o
 .rel.text.posix_core_clean_up
                0x0000000008048888        0x0 /usr/lib/gcc/x86_64-linux-gnu/11/../../../../lib32/Scrt1.o
 .rel.text.zephyr_wrapper
                0x0000000008048888        0x0 /usr/lib/gcc/x86_64-linux-gnu/11/../../../../lib32/Scrt1.o
 .rel.text.posix_change_cpu_state_and_wait
                0x0000000008048888        0x0 /usr/lib/gcc/x86_64-linux-gnu/11/../../../../lib32/Scrt1.o
 .rel.text.posix_boot_cpu
                0x0000000008048888        0x0 /usr/lib/gcc/x86_64-linux-gnu/11/../../../../lib32/Scrt1.o
 .rel.text.posix_soc_clean_up
                0x0000000008048888        0x0 /usr/lib/gcc/x86_64-linux-gnu/11/../../../../lib32/Scrt1.o
 .rel.text.hwm_set_sig_handler
                0x0000000008048888        0x0 /usr/lib/gcc/x86_64-linux-gnu/11/../../../../lib32/Scrt1.o
 .rel.text.get_host_us_time
                0x0000000008048888        0x0 /usr/lib/gcc/x86_64-linux-gnu/11/../../../../lib32/Scrt1.o
 .rel.text.hwtimer_init
                0x0000000008048888        0x0 /usr/lib/gcc/x86_64-linux-gnu/11/../../../../lib32/Scrt1.o
 .rel.text.hwtimer_timer_reached
                0x0000000008048888        0x0 /usr/lib/gcc/x86_64-linux-gnu/11/../../../../lib32/Scrt1.o
 .rel.text.posix_exit
                0x0000000008048888        0x0 /usr/lib/gcc/x86_64-linux-gnu/11/../../../../lib32/Scrt1.o
 .rel.text.posix_init
                0x0000000008048888        0x0 /usr/lib/gcc/x86_64-linux-gnu/11/../../../../lib32/Scrt1.o
 .rel.text.decide_about_color
                0x0000000008048888        0x0 /usr/lib/gcc/x86_64-linux-gnu/11/../../../../lib32/Scrt1.o
 .rel.text.posix_print_error_and_exit
                0x0000000008048888        0x0 /usr/lib/gcc/x86_64-linux-gnu/11/../../../../lib32/Scrt1.o
 .rel.text.posix_print_warning
                0x0000000008048888        0x0 /usr/lib/gcc/x86_64-linux-gnu/11/../../../../lib32/Scrt1.o
 .rel.text.posix_print_trace
                0x0000000008048888        0x0 /usr/lib/gcc/x86_64-linux-gnu/11/../../../../lib32/Scrt1.o
 .rel.text.cmd_gen_switch_syntax.constprop.0
                0x0000000008048888        0x0 /usr/lib/gcc/x86_64-linux-gnu/11/../../../../lib32/Scrt1.o
 .rel.text.cmd_is_option
                0x0000000008048888        0x0 /usr/lib/gcc/x86_64-linux-gnu/11/../../../../lib32/Scrt1.o
 .rel.text.cmd_is_help_option
                0x0000000008048888        0x0 /usr/lib/gcc/x86_64-linux-gnu/11/../../../../lib32/Scrt1.o
 .rel.text.cmd_read_option_value
                0x0000000008048888        0x0 /usr/lib/gcc/x86_64-linux-gnu/11/../../../../lib32/Scrt1.o
 .rel.text.cmd_print_switches_help
                0x0000000008048888        0x0 /usr/lib/gcc/x86_64-linux-gnu/11/../../../../lib32/Scrt1.o
 .rel.text.cmd_print_long_help
                0x0000000008048888        0x0 /usr/lib/gcc/x86_64-linux-gnu/11/../../../../lib32/Scrt1.o
 .rel.text.native_cleanup_cmd_line
                0x0000000008048888        0x0 /usr/lib/gcc/x86_64-linux-gnu/11/../../../../lib32/Scrt1.o
 .rel.text.native_add_command_line_opts
                0x0000000008048888        0x0 /usr/lib/gcc/x86_64-linux-gnu/11/../../../../lib32/Scrt1.o
 .rel.text.z_fatal_error
                0x0000000008048888        0x0 /usr/lib/gcc/x86_64-linux-gnu/11/../../../../lib32/Scrt1.o
 .rel.text.bg_thread_main
                0x0000000008048888        0x0 /usr/lib/gcc/x86_64-linux-gnu/11/../../../../lib32/Scrt1.o
 .rel.text.z_init_static_threads
                0x0000000008048888        0x0 /usr/lib/gcc/x86_64-linux-gnu/11/../../../../lib32/Scrt1.o
 .rel.text.statics_init
                0x0000000008048888        0x0 /usr/lib/gcc/x86_64-linux-gnu/11/../../../../lib32/Scrt1.o
 *(SORT_BY_ALIGNMENT(.rel.fini))
 *(SORT_BY_ALIGNMENT(.rel.rodata) SORT_BY_ALIGNMENT(.rel.rodata.*) SORT_BY_ALIGNMENT(.rel.gnu.linkonce.r.*))
 .rel.rodata.native_pre_tasks.0
                0x0000000008048888        0x0 /usr/lib/gcc/x86_64-linux-gnu/11/../../../../lib32/Scrt1.o
 .rel.rodata.levels.0
                0x0000000008048888        0x0 /usr/lib/gcc/x86_64-linux-gnu/11/../../../../lib32/Scrt1.o
 *(SORT_BY_ALIGNMENT(.rel.data.rel.ro) SORT_BY_ALIGNMENT(.rel.data.rel.ro.*) SORT_BY_ALIGNMENT(.rel.gnu.linkonce.d.rel.ro.*))
 .rel.data.rel.ro
                0x0000000008048888        0x0 /usr/lib/gcc/x86_64-linux-gnu/11/../../../../lib32/Scrt1.o
 *(SORT_BY_ALIGNMENT(.rel.data) SORT_BY_ALIGNMENT(.rel.data.*) SORT_BY_ALIGNMENT(.rel.gnu.linkonce.d.*))
 .rel.data._char_out
                0x0000000008048888        0x0 /usr/lib/gcc/x86_64-linux-gnu/11/../../../../lib32/Scrt1.o
 *(SORT_BY_ALIGNMENT(.rel.tdata) SORT_BY_ALIGNMENT(.rel.tdata.*) SORT_BY_ALIGNMENT(.rel.gnu.linkonce.td.*))
 *(SORT_BY_ALIGNMENT(.rel.tbss) SORT_BY_ALIGNMENT(.rel.tbss.*) SORT_BY_ALIGNMENT(.rel.gnu.linkonce.tb.*))
 *(SORT_BY_ALIGNMENT(.rel.ctors))
 *(SORT_BY_ALIGNMENT(.rel.dtors))
 *(SORT_BY_ALIGNMENT(.rel.got))
 .rel.got       0x0000000008048888       0x20 /usr/lib/gcc/x86_64-linux-gnu/11/../../../../lib32/Scrt1.o
 *(SORT_BY_ALIGNMENT(.rel.bss) SORT_BY_ALIGNMENT(.rel.bss.*) SORT_BY_ALIGNMENT(.rel.gnu.linkonce.b.*))
 .rel.bss       0x00000000080488a8       0x10 /usr/lib/gcc/x86_64-linux-gnu/11/../../../../lib32/Scrt1.o
 *(SORT_BY_ALIGNMENT(.rel.ifunc))

.rel.plt        0x00000000080488b8      0x138
 *(SORT_BY_ALIGNMENT(.rel.plt))
 .rel.plt       0x00000000080488b8      0x138 /usr/lib/gcc/x86_64-linux-gnu/11/../../../../lib32/Scrt1.o
                [!provide]                        PROVIDE (__rel_iplt_start = .)
 *(SORT_BY_ALIGNMENT(.rel.iplt))
 .rel.iplt      0x00000000080489f0        0x0 /usr/lib/gcc/x86_64-linux-gnu/11/../../../../lib32/Scrt1.o
                [!provide]                        PROVIDE (__rel_iplt_end = .)

.relr.dyn
 *(SORT_BY_ALIGNMENT(.relr.dyn))
                0x0000000008049000                . = ALIGN (CONSTANT (MAXPAGESIZE))

.init           0x0000000008049000       0x24
 *(SORT_NONE(.init))
 .init          0x0000000008049000       0x1f /usr/lib/gcc/x86_64-linux-gnu/11/../../../../lib32/crti.o
                0x0000000008049000                _init
 .init          0x000000000804901f        0x5 /usr/lib/gcc/x86_64-linux-gnu/11/../../../../lib32/crtn.o

.plt            0x0000000008049030      0x280
 *(SORT_BY_ALIGNMENT(.plt))
 .plt           0x0000000008049030      0x280 /usr/lib/gcc/x86_64-linux-gnu/11/../../../../lib32/Scrt1.o
                0x0000000008049040                sigemptyset@@GLIBC_2.0
                0x0000000008049050                pthread_exit@@GLIBC_2.0
                0x0000000008049060                clock_gettime@@GLIBC_2.17
                0x0000000008049070                __fprintf_chk@@GLIBC_2.3.4
                0x0000000008049080                realloc@@GLIBC_2.0
                0x0000000008049090                strtod@@GLIBC_2.0
                0x00000000080490a0                calloc@@GLIBC_2.0
                0x00000000080490b0                strtoll@@GLIBC_2.0
                0x00000000080490c0                strtol@@GLIBC_2.0
                0x00000000080490d0                pthread_create@@GLIBC_2.34
                0x00000000080490e0                free@@GLIBC_2.0
                0x00000000080490f0                strtoull@@GLIBC_2.0
                0x0000000008049100                sigaction@@GLIBC_2.0
                0x0000000008049110                __vfprintf_chk@@GLIBC_2.3.4
                0x0000000008049120                __ctype_b_loc@@GLIBC_2.3
                0x0000000008049130                pthread_mutex_unlock@@GLIBC_2.0
                0x0000000008049140                isatty@@GLIBC_2.0
                0x0000000008049150                nanosleep@@GLIBC_2.0
                0x0000000008049160                strtoul@@GLIBC_2.0
                0x0000000008049170                strlen@@GLIBC_2.0
                0x0000000008049180                pthread_detach@@GLIBC_2.34
                0x0000000008049190                pthread_cancel@@GLIBC_2.34
                0x00000000080491a0                strcasecmp@@GLIBC_2.0
                0x00000000080491b0                setvbuf@@GLIBC_2.0
                0x00000000080491c0                pthread_mutex_lock@@GLIBC_2.0
                0x00000000080491d0                __stack_chk_fail@@GLIBC_2.4
                0x00000000080491e0                strnlen@@GLIBC_2.0
                0x00000000080491f0                sleep@@GLIBC_2.0
                0x0000000008049200                pthread_cond_wait@@GLIBC_2.3.2
                0x0000000008049210                __snprintf_chk@@GLIBC_2.3.4
                0x0000000008049220                __pthread_unwind_next@@GLIBC_2.34
                0x0000000008049230                snprintf@@GLIBC_2.0
                0x0000000008049240                __pthread_register_cancel@@GLIBC_2.34
                0x0000000008049250                __libc_start_main@@GLIBC_2.34
                0x0000000008049260                pthread_cond_broadcast@@GLIBC_2.3.2
                0x0000000008049270                strcmp@@GLIBC_2.0
                0x0000000008049280                __sigsetjmp@@GLIBC_2.0
                0x0000000008049290                exit@@GLIBC_2.0
                0x00000000080492a0                pthread_self@@GLIBC_2.0
 *(SORT_BY_ALIGNMENT(.iplt))
 .iplt          0x00000000080492b0        0x0 /usr/lib/gcc/x86_64-linux-gnu/11/../../../../lib32/Scrt1.o

.plt.got        0x00000000080492b0        0x8
 *(SORT_BY_ALIGNMENT(.plt.got))
 .plt.got       0x00000000080492b0        0x8 /usr/lib/gcc/x86_64-linux-gnu/11/../../../../lib32/Scrt1.o
                0x00000000080492b0                __cxa_finalize@@GLIBC_2.1.3

.plt.sec
 *(SORT_BY_ALIGNMENT(.plt.sec))

.text           0x00000000080492c0     0x42d8
 *(SORT_BY_ALIGNMENT(.text.unlikely) SORT_BY_ALIGNMENT(.text.*_unlikely) SORT_BY_ALIGNMENT(.text.unlikely.*))
 *(SORT_BY_ALIGNMENT(.text.exit) SORT_BY_ALIGNMENT(.text.exit.*))
 *(SORT_BY_ALIGNMENT(.text.startup) SORT_BY_ALIGNMENT(.text.startup.*))
 *(SORT_BY_ALIGNMENT(.text.hot) SORT_BY_ALIGNMENT(.text.hot.*))
 *(SORT_BY_NAME(SORT_BY_ALIGNMENT(.text.sorted.*)))
 *(SORT_BY_ALIGNMENT(.text) SORT_BY_ALIGNMENT(.stub) SORT_BY_ALIGNMENT(.text.*) SORT_BY_ALIGNMENT(.gnu.linkonce.t.*))
 .text          0x00000000080492c0       0x30 /usr/lib/gcc/x86_64-linux-gnu/11/../../../../lib32/Scrt1.o
                0x00000000080492c0                _start
 .text.__x86.get_pc_thunk.bx
                0x00000000080492f0        0x4 /usr/lib/gcc/x86_64-linux-gnu/11/../../../../lib32/crti.o
                0x00000000080492f0                __x86.get_pc_thunk.bx
 *fill*         0x00000000080492f4        0xc 
 .text          0x0000000008049300       0xe9 /usr/lib/gcc/x86_64-linux-gnu/11/32/crtbeginS.o
 *fill*         0x00000000080493e9        0x7 
 .text          0x00000000080493f0      0x112 /usr/lib/gcc/x86_64-linux-gnu/11/32/libgcc.a(_udivdi3.o)
                0x00000000080493f0                __udivdi3
 *fill*         0x0000000008049502        0xe 
 .text          0x0000000008049510      0x1e7 /usr/lib/gcc/x86_64-linux-gnu/11/32/libgcc.a(_udivmoddi4.o)
                0x0000000008049510                __udivmoddi4
 .text.__x86.get_pc_thunk.dx
                0x00000000080496f7        0x4 /usr/lib/gcc/x86_64-linux-gnu/11/32/crtbeginS.o
                0x00000000080496f7                __x86.get_pc_thunk.dx
 .text._OffsetAbsSyms
                0x00000000080496fb        0x1 zephyr/CMakeFiles/offsets.dir/./arch/posix/core/offsets/offsets.c.obj
                0x00000000080496fb                _OffsetAbsSyms
 .text.thread2  0x00000000080496fc       0x47 app/libapp.a(main.c.obj)
                0x00000000080496fc                thread2
 .text.thread1  0x0000000008049743       0x5a app/libapp.a(main.c.obj)
                0x0000000008049743                thread1
 .text.arch_printk_char_out
                0x000000000804979d        0x3 zephyr/libzephyr.a(printk.c.obj)
                0x000000000804979d                arch_printk_char_out
 .text.char_out
                0x00000000080497a0        0x6 zephyr/libzephyr.a(printk.c.obj)
 .text.__printk_hook_install
                0x00000000080497a6        0xd zephyr/libzephyr.a(printk.c.obj)
                0x00000000080497a6                __printk_hook_install
 .text.vprintk  0x00000000080497b3       0x1f zephyr/libzephyr.a(printk.c.obj)
                0x00000000080497b3                vprintk
 .text.printk   0x00000000080497d2       0x17 zephyr/libzephyr.a(printk.c.obj)
                0x00000000080497d2                printk
 .text.z_thread_entry
                0x00000000080497e9       0x3a zephyr/libzephyr.a(thread_entry.c.obj)
                0x00000000080497e9                z_thread_entry
 .text.chunk_size
                0x0000000008049823        0x8 zephyr/libzephyr.a(heap.c.obj)
 .text.set_chunk_used
                0x000000000804982b       0x20 zephyr/libzephyr.a(heap.c.obj)
 .text.free_list_add
                0x000000000804984b       0x7f zephyr/libzephyr.a(heap.c.obj)
 .text.sys_heap_init
                0x00000000080498ca       0xb4 zephyr/libzephyr.a(heap.c.obj)
                0x00000000080498ca                sys_heap_init
 .text.outs     0x000000000804997e       0x4b zephyr/libzephyr.a(cbprintf_complete.c.obj)
 .text.extract_decimal
                0x00000000080499c9       0x37 zephyr/libzephyr.a(cbprintf_complete.c.obj)
 .text.encode_uint
                0x0000000008049a00       0xdb zephyr/libzephyr.a(cbprintf_complete.c.obj)
 .text.z_cbvprintf_impl
                0x0000000008049adb      0x7f2 zephyr/libzephyr.a(cbprintf_complete.c.obj)
                0x0000000008049adb                z_cbvprintf_impl
 .text.assert_print
                0x000000000804a2cd       0x17 zephyr/libzephyr.a(assert.c.obj)
                0x000000000804a2cd                assert_print
 .text._ConfigAbsSyms
                0x000000000804a2e4        0x1 zephyr/libzephyr.a(configs.c.obj)
                0x000000000804a2e4                _ConfigAbsSyms
 .text.sys_trace_isr_enter
                0x000000000804a2e5        0x1 zephyr/libzephyr.a(tracing_none.c.obj)
                0x000000000804a2e5                sys_trace_isr_enter
 .text.sys_trace_isr_exit
                0x000000000804a2e6        0x1 zephyr/libzephyr.a(tracing_none.c.obj)
                0x000000000804a2e6                sys_trace_isr_exit
 .text.sys_trace_idle
                0x000000000804a2e7        0x1 zephyr/libzephyr.a(tracing_none.c.obj)
                0x000000000804a2e7                sys_trace_idle
 .text.arch_cpu_idle
                0x000000000804a2e8       0x16 zephyr/arch/arch/posix/core/libarch__posix__core.a(cpuhalt.c.obj)
                0x000000000804a2e8                arch_cpu_idle
 .text.arch_system_halt
                0x000000000804a2fe       0x27 zephyr/arch/arch/posix/core/libarch__posix__core.a(fatal.c.obj)
                0x000000000804a2fe                arch_system_halt
 .text.arch_irq_enable
                0x000000000804a325        0x5 zephyr/arch/arch/posix/core/libarch__posix__core.a(irq.c.obj)
                0x000000000804a325                arch_irq_enable
 .text.pc_safe_call
                0x000000000804a32a       0x1b zephyr/arch/arch/posix/core/libarch__posix__core.a(posix_core.c.obj)
 .text.posix_preexit_cleanup
                0x000000000804a345       0x30 zephyr/arch/arch/posix/core/libarch__posix__core.a(posix_core.c.obj)
 .text.abort_tail
                0x000000000804a375       0x28 zephyr/arch/arch/posix/core/libarch__posix__core.a(posix_core.c.obj)
 .text.posix_wait_until_allowed
                0x000000000804a39d       0x57 zephyr/arch/arch/posix/core/libarch__posix__core.a(posix_core.c.obj)
 .text.posix_cleanup_handler
                0x000000000804a3f4       0x35 zephyr/arch/arch/posix/core/libarch__posix__core.a(posix_core.c.obj)
 .text.posix_thread_starter
                0x000000000804a429       0xaa zephyr/arch/arch/posix/core/libarch__posix__core.a(posix_core.c.obj)
 .text.posix_swap
                0x000000000804a4d3       0x47 zephyr/arch/arch/posix/core/libarch__posix__core.a(posix_core.c.obj)
                0x000000000804a4d3                posix_swap
 .text.posix_main_thread_start
                0x000000000804a51a       0x34 zephyr/arch/arch/posix/core/libarch__posix__core.a(posix_core.c.obj)
                0x000000000804a51a                posix_main_thread_start
 .text.posix_new_thread
                0x000000000804a54e       0xc7 zephyr/arch/arch/posix/core/libarch__posix__core.a(posix_core.c.obj)
                0x000000000804a54e                posix_new_thread
 .text.posix_init_multithreading
                0x000000000804a615       0x64 zephyr/arch/arch/posix/core/libarch__posix__core.a(posix_core.c.obj)
                0x000000000804a615                posix_init_multithreading
 .text.posix_core_clean_up
                0x000000000804a679       0x6f zephyr/arch/arch/posix/core/libarch__posix__core.a(posix_core.c.obj)
                0x000000000804a679                posix_core_clean_up
 .text.posix_abort_thread
                0x000000000804a6e8       0x1a zephyr/arch/arch/posix/core/libarch__posix__core.a(posix_core.c.obj)
                0x000000000804a6e8                posix_abort_thread
 .text.z_impl_k_thread_abort
                0x000000000804a702       0x87 zephyr/arch/arch/posix/core/libarch__posix__core.a(posix_core.c.obj)
                0x000000000804a702                z_impl_k_thread_abort
 .text.arch_swap
                0x000000000804a789       0x50 zephyr/arch/arch/posix/core/libarch__posix__core.a(swap.c.obj)
                0x000000000804a789                arch_swap
 .text.arch_switch_to_main_thread
                0x000000000804a7d9       0x1c zephyr/arch/arch/posix/core/libarch__posix__core.a(swap.c.obj)
                0x000000000804a7d9                arch_switch_to_main_thread
 .text.arch_new_thread
                0x000000000804a7f5       0x37 zephyr/arch/arch/posix/core/libarch__posix__core.a(thread.c.obj)
                0x000000000804a7f5                arch_new_thread
 .text.posix_new_thread_pre_start
                0x000000000804a82c        0x5 zephyr/arch/arch/posix/core/libarch__posix__core.a(thread.c.obj)
                0x000000000804a82c                posix_new_thread_pre_start
 .text.pc_safe_call
                0x000000000804a831       0x1b zephyr/soc/posix/inf_clock/libsoc__posix__inf_clock.a(soc.c.obj)
 .text.zephyr_wrapper
                0x000000000804a84c       0x41 zephyr/soc/posix/inf_clock/libsoc__posix__inf_clock.a(soc.c.obj)
 .text.posix_is_cpu_running
                0x000000000804a88d        0xc zephyr/soc/posix/inf_clock/libsoc__posix__inf_clock.a(soc.c.obj)
                0x000000000804a88d                posix_is_cpu_running
 .text.posix_change_cpu_state_and_wait
                0x000000000804a899       0x82 zephyr/soc/posix/inf_clock/libsoc__posix__inf_clock.a(soc.c.obj)
                0x000000000804a899                posix_change_cpu_state_and_wait
 .text.posix_interrupt_raised
                0x000000000804a91b       0x28 zephyr/soc/posix/inf_clock/libsoc__posix__inf_clock.a(soc.c.obj)
                0x000000000804a91b                posix_interrupt_raised
 .text.posix_halt_cpu
                0x000000000804a943       0x16 zephyr/soc/posix/inf_clock/libsoc__posix__inf_clock.a(soc.c.obj)
                0x000000000804a943                posix_halt_cpu
 .text.posix_boot_cpu
                0x000000000804a959       0xb0 zephyr/soc/posix/inf_clock/libsoc__posix__inf_clock.a(soc.c.obj)
                0x000000000804a959                posix_boot_cpu
 .text.run_native_tasks
                0x000000000804aa09       0x29 zephyr/soc/posix/inf_clock/libsoc__posix__inf_clock.a(soc.c.obj)
                0x000000000804aa09                run_native_tasks
 .text.posix_soc_clean_up
                0x000000000804aa32       0x99 zephyr/soc/posix/inf_clock/libsoc__posix__inf_clock.a(soc.c.obj)
                0x000000000804aa32                posix_soc_clean_up
 .text.hwm_signal_end_handler
                0x000000000804aacb        0xb zephyr/boards/posix/native_posix/libboards__posix__native_posix.a(hw_models_top.c.obj)
                0x000000000804aacb                hwm_signal_end_handler
 .text.hwm_set_sig_handler
                0x000000000804aad6       0xb5 zephyr/boards/posix/native_posix/libboards__posix__native_posix.a(hw_models_top.c.obj)
                0x000000000804aad6                hwm_set_sig_handler
 .text.hwm_find_next_timer
                0x000000000804ab8b       0x81 zephyr/boards/posix/native_posix/libboards__posix__native_posix.a(hw_models_top.c.obj)
                0x000000000804ab8b                hwm_find_next_timer
 .text.hwm_one_event
                0x000000000804ac0c       0xed zephyr/boards/posix/native_posix/libboards__posix__native_posix.a(hw_models_top.c.obj)
                0x000000000804ac0c                hwm_one_event
 .text.hwm_set_end_of_time
                0x000000000804acf9       0x16 zephyr/boards/posix/native_posix/libboards__posix__native_posix.a(hw_models_top.c.obj)
                0x000000000804acf9                hwm_set_end_of_time
 .text.hwm_get_time
                0x000000000804ad0f        0xc zephyr/boards/posix/native_posix/libboards__posix__native_posix.a(hw_models_top.c.obj)
                0x000000000804ad0f                hwm_get_time
 .text.hwm_init
                0x000000000804ad1b       0x20 zephyr/boards/posix/native_posix/libboards__posix__native_posix.a(hw_models_top.c.obj)
                0x000000000804ad1b                hwm_init
 .text.hwm_cleanup
                0x000000000804ad3b       0x11 zephyr/boards/posix/native_posix/libboards__posix__native_posix.a(hw_models_top.c.obj)
                0x000000000804ad3b                hwm_cleanup
 .text.hwtimer_update_timer
                0x000000000804ad4c       0x37 zephyr/boards/posix/native_posix/libboards__posix__native_posix.a(timer_model.c.obj)
 .text.cmd_realtime_found
                0x000000000804ad83        0x8 zephyr/boards/posix/native_posix/libboards__posix__native_posix.a(timer_model.c.obj)
 .text.cmd_no_realtime_found
                0x000000000804ad8b        0x8 zephyr/boards/posix/native_posix/libboards__posix__native_posix.a(timer_model.c.obj)
 .text.cmd_rtcoffset_found
                0x000000000804ad93       0x2e zephyr/boards/posix/native_posix/libboards__posix__native_posix.a(timer_model.c.obj)
 .text.cmd_rtcreset_found
                0x000000000804adc1        0x8 zephyr/boards/posix/native_posix/libboards__posix__native_posix.a(timer_model.c.obj)
 .text.native_add_time_options
                0x000000000804adc9       0x15 zephyr/boards/posix/native_posix/libboards__posix__native_posix.a(timer_model.c.obj)
 .text.cmd_rt_ratio_found
                0x000000000804adde       0x3c zephyr/boards/posix/native_posix/libboards__posix__native_posix.a(timer_model.c.obj)
 .text.cmd_rt_drift_found
                0x000000000804ae1a       0x42 zephyr/boards/posix/native_posix/libboards__posix__native_posix.a(timer_model.c.obj)
 .text.cmd_stop_at_found
                0x000000000804ae5c       0x99 zephyr/boards/posix/native_posix/libboards__posix__native_posix.a(timer_model.c.obj)
 .text.get_host_us_time
                0x000000000804aef5       0xb2 zephyr/boards/posix/native_posix/libboards__posix__native_posix.a(timer_model.c.obj)
                0x000000000804aef5                get_host_us_time
 .text.hwtimer_init
                0x000000000804afa7      0x13b zephyr/boards/posix/native_posix/libboards__posix__native_posix.a(timer_model.c.obj)
                0x000000000804afa7                hwtimer_init
 .text.hwtimer_cleanup
                0x000000000804b0e2        0x1 zephyr/boards/posix/native_posix/libboards__posix__native_posix.a(timer_model.c.obj)
                0x000000000804b0e2                hwtimer_cleanup
 .text.hwtimer_enable
                0x000000000804b0e3       0x3e zephyr/boards/posix/native_posix/libboards__posix__native_posix.a(timer_model.c.obj)
                0x000000000804b0e3                hwtimer_enable
 .text.hwtimer_timer_reached
                0x000000000804b121      0x1de zephyr/boards/posix/native_posix/libboards__posix__native_posix.a(timer_model.c.obj)
                0x000000000804b121                hwtimer_timer_reached
 .text.hwtimer_set_silent_ticks
                0x000000000804b2ff       0x16 zephyr/boards/posix/native_posix/libboards__posix__native_posix.a(timer_model.c.obj)
                0x000000000804b2ff                hwtimer_set_silent_ticks
 .text.posix_irq_handler
                0x000000000804b315      0x117 zephyr/boards/posix/native_posix/libboards__posix__native_posix.a(irq_handler.c.obj)
                0x000000000804b315                posix_irq_handler
 .text.posix_irq_handler_im_from_sw
                0x000000000804b42c       0x33 zephyr/boards/posix/native_posix/libboards__posix__native_posix.a(irq_handler.c.obj)
                0x000000000804b42c                posix_irq_handler_im_from_sw
 .text.posix_irq_lock
                0x000000000804b45f       0x12 zephyr/boards/posix/native_posix/libboards__posix__native_posix.a(irq_handler.c.obj)
                0x000000000804b45f                posix_irq_lock
 .text.posix_irq_unlock
                0x000000000804b471        0x5 zephyr/boards/posix/native_posix/libboards__posix__native_posix.a(irq_handler.c.obj)
                0x000000000804b471                posix_irq_unlock
 .text.posix_irq_full_unlock
                0x000000000804b476       0x12 zephyr/boards/posix/native_posix/libboards__posix__native_posix.a(irq_handler.c.obj)
                0x000000000804b476                posix_irq_full_unlock
 .text.posix_irq_enable
                0x000000000804b488        0x5 zephyr/boards/posix/native_posix/libboards__posix__native_posix.a(irq_handler.c.obj)
                0x000000000804b488                posix_irq_enable
 .text.posix_isr_declare
                0x000000000804b48d       0x2b zephyr/boards/posix/native_posix/libboards__posix__native_posix.a(irq_handler.c.obj)
                0x000000000804b48d                posix_isr_declare
 .text.posix_irq_priority_set
                0x000000000804b4b8        0x5 zephyr/boards/posix/native_posix/libboards__posix__native_posix.a(irq_handler.c.obj)
                0x000000000804b4b8                posix_irq_priority_set
 .text.irq_raising_from_hw_now
                0x000000000804b4bd       0x1f zephyr/boards/posix/native_posix/libboards__posix__native_posix.a(irq_ctrl.c.obj)
 .text.hw_irq_ctrl_irq_raise_prefix
                0x000000000804b4dc       0x69 zephyr/boards/posix/native_posix/libboards__posix__native_posix.a(irq_ctrl.c.obj)
 .text.hw_irq_ctrl_init
                0x000000000804b545       0x4d zephyr/boards/posix/native_posix/libboards__posix__native_posix.a(irq_ctrl.c.obj)
                0x000000000804b545                hw_irq_ctrl_init
 .text.hw_irq_ctrl_cleanup
                0x000000000804b592        0x1 zephyr/boards/posix/native_posix/libboards__posix__native_posix.a(irq_ctrl.c.obj)
                0x000000000804b592                hw_irq_ctrl_cleanup
 .text.hw_irq_ctrl_set_cur_prio
                0x000000000804b593        0xd zephyr/boards/posix/native_posix/libboards__posix__native_posix.a(irq_ctrl.c.obj)
                0x000000000804b593                hw_irq_ctrl_set_cur_prio
 .text.hw_irq_ctrl_get_cur_prio
                0x000000000804b5a0        0x6 zephyr/boards/posix/native_posix/libboards__posix__native_posix.a(irq_ctrl.c.obj)
                0x000000000804b5a0                hw_irq_ctrl_get_cur_prio
 .text.hw_irq_ctrl_prio_set
                0x000000000804b5a6       0x11 zephyr/boards/posix/native_posix/libboards__posix__native_posix.a(irq_ctrl.c.obj)
                0x000000000804b5a6                hw_irq_ctrl_prio_set
 .text.hw_irq_ctrl_get_prio
                0x000000000804b5b7        0xe zephyr/boards/posix/native_posix/libboards__posix__native_posix.a(irq_ctrl.c.obj)
                0x000000000804b5b7                hw_irq_ctrl_get_prio
 .text.hw_irq_ctrl_get_highest_prio_irq
                0x000000000804b5c5       0x94 zephyr/boards/posix/native_posix/libboards__posix__native_posix.a(irq_ctrl.c.obj)
                0x000000000804b5c5                hw_irq_ctrl_get_highest_prio_irq
 .text.hw_irq_ctrl_get_current_lock
                0x000000000804b659        0x8 zephyr/boards/posix/native_posix/libboards__posix__native_posix.a(irq_ctrl.c.obj)
                0x000000000804b659                hw_irq_ctrl_get_current_lock
 .text.hw_irq_ctrl_change_lock
                0x000000000804b661       0x35 zephyr/boards/posix/native_posix/libboards__posix__native_posix.a(irq_ctrl.c.obj)
                0x000000000804b661                hw_irq_ctrl_change_lock
 .text.hw_irq_ctrl_clear_irq
                0x000000000804b696       0x3d zephyr/boards/posix/native_posix/libboards__posix__native_posix.a(irq_ctrl.c.obj)
                0x000000000804b696                hw_irq_ctrl_clear_irq
 .text.hw_irq_ctrl_set_irq
                0x000000000804b6d3       0x38 zephyr/boards/posix/native_posix/libboards__posix__native_posix.a(irq_ctrl.c.obj)
                0x000000000804b6d3                hw_irq_ctrl_set_irq
 .text.hw_irq_ctrl_raise_im_from_sw
                0x000000000804b70b       0x1f zephyr/boards/posix/native_posix/libboards__posix__native_posix.a(irq_ctrl.c.obj)
                0x000000000804b70b                hw_irq_ctrl_raise_im_from_sw
 .text.hw_irq_ctrl_enable_irq
                0x000000000804b72a       0x47 zephyr/boards/posix/native_posix/libboards__posix__native_posix.a(irq_ctrl.c.obj)
                0x000000000804b72a                hw_irq_ctrl_enable_irq
 .text.hw_irq_ctrl_timer_triggered
                0x000000000804b771       0x19 zephyr/boards/posix/native_posix/libboards__posix__native_posix.a(irq_ctrl.c.obj)
                0x000000000804b771                hw_irq_ctrl_timer_triggered
 .text.posix_exit
                0x000000000804b78a       0x35 zephyr/boards/posix/native_posix/libboards__posix__native_posix.a(main.c.obj)
                0x000000000804b78a                posix_exit
 .text.posix_init
                0x000000000804b7bf       0x83 zephyr/boards/posix/native_posix/libboards__posix__native_posix.a(main.c.obj)
                0x000000000804b7bf                posix_init
 .text.main     0x000000000804b842       0x25 zephyr/boards/posix/native_posix/libboards__posix__native_posix.a(main.c.obj)
                0x000000000804b842                main
 .text.trace_disable_color
                0x000000000804b867       0x15 zephyr/boards/posix/native_posix/libboards__posix__native_posix.a(tracing.c.obj)
                0x000000000804b867                trace_disable_color
 .text.trace_enable_color
                0x000000000804b87c       0x15 zephyr/boards/posix/native_posix/libboards__posix__native_posix.a(tracing.c.obj)
                0x000000000804b87c                trace_enable_color
 .text.trace_force_color
                0x000000000804b891       0x15 zephyr/boards/posix/native_posix/libboards__posix__native_posix.a(tracing.c.obj)
                0x000000000804b891                trace_force_color
 .text.decide_about_color
                0x000000000804b8a6       0x3e zephyr/boards/posix/native_posix/libboards__posix__native_posix.a(tracing.c.obj)
 .text.posix_print_error_and_exit
                0x000000000804b8e4       0x2b zephyr/boards/posix/native_posix/libboards__posix__native_posix.a(tracing.c.obj)
                0x000000000804b8e4                posix_print_error_and_exit
 .text.posix_print_warning
                0x000000000804b90f       0x1f zephyr/boards/posix/native_posix/libboards__posix__native_posix.a(tracing.c.obj)
                0x000000000804b90f                posix_print_warning
 .text.posix_print_trace
                0x000000000804b92e       0x1f zephyr/boards/posix/native_posix/libboards__posix__native_posix.a(tracing.c.obj)
                0x000000000804b92e                posix_print_trace
 .text.native_add_tracing_options
                0x000000000804b94d       0x15 zephyr/boards/posix/native_posix/libboards__posix__native_posix.a(tracing.c.obj)
                0x000000000804b94d                native_add_tracing_options
 .text.cmd_gen_switch_syntax.constprop.0
                0x000000000804b962       0xab zephyr/boards/posix/native_posix/libboards__posix__native_posix.a(cmdline_common.c.obj)
 .text.cmd_is_option
                0x000000000804ba0d       0x9b zephyr/boards/posix/native_posix/libboards__posix__native_posix.a(cmdline_common.c.obj)
                0x000000000804ba0d                cmd_is_option
 .text.cmd_is_help_option
                0x000000000804baa8       0x6c zephyr/boards/posix/native_posix/libboards__posix__native_posix.a(cmdline_common.c.obj)
                0x000000000804baa8                cmd_is_help_option
 .text.cmd_read_option_value
                0x000000000804bb14      0x197 zephyr/boards/posix/native_posix/libboards__posix__native_posix.a(cmdline_common.c.obj)
                0x000000000804bb14                cmd_read_option_value
 .text.cmd_args_set_defaults
                0x000000000804bcab       0xa5 zephyr/boards/posix/native_posix/libboards__posix__native_posix.a(cmdline_common.c.obj)
                0x000000000804bcab                cmd_args_set_defaults
 .text.cmd_print_switches_help
                0x000000000804bd50       0xc7 zephyr/boards/posix/native_posix/libboards__posix__native_posix.a(cmdline_common.c.obj)
                0x000000000804bd50                cmd_print_switches_help
 .text.cmd_print_long_help
                0x000000000804be17      0x133 zephyr/boards/posix/native_posix/libboards__posix__native_posix.a(cmdline_common.c.obj)
                0x000000000804be17                cmd_print_long_help
 .text.cmd_parse_one_arg
                0x000000000804bf4a       0xbc zephyr/boards/posix/native_posix/libboards__posix__native_posix.a(cmdline_common.c.obj)
                0x000000000804bf4a                cmd_parse_one_arg
 .text.native_cleanup_cmd_line
                0x000000000804c006       0x25 zephyr/boards/posix/native_posix/libboards__posix__native_posix.a(cmdline.c.obj)
                0x000000000804c006                native_cleanup_cmd_line
 .text.native_add_command_line_opts
                0x000000000804c02b       0x9a zephyr/boards/posix/native_posix/libboards__posix__native_posix.a(cmdline.c.obj)
                0x000000000804c02b                native_add_command_line_opts
 .text.native_add_testargs_option
                0x000000000804c0c5       0x15 zephyr/boards/posix/native_posix/libboards__posix__native_posix.a(cmdline.c.obj)
                0x000000000804c0c5                native_add_testargs_option
 .text.native_handle_cmd_line
                0x000000000804c0da       0xb3 zephyr/boards/posix/native_posix/libboards__posix__native_posix.a(cmdline.c.obj)
                0x000000000804c0da                native_handle_cmd_line
 .text.hw_counter_init
                0x000000000804c18d       0x58 zephyr/boards/posix/native_posix/libboards__posix__native_posix.a(hw_counter.c.obj)
                0x000000000804c18d                hw_counter_init
 .text.hw_counter_triggered
                0x000000000804c1e5       0x7b zephyr/boards/posix/native_posix/libboards__posix__native_posix.a(hw_counter.c.obj)
                0x000000000804c1e5                hw_counter_triggered
 .text.posix_arch_console_init
                0x000000000804c260       0x17 zephyr/drivers/console/libdrivers__console.a(posix_arch_console.c.obj)
 .text.print_char
                0x000000000804c277       0x66 zephyr/drivers/console/libdrivers__console.a(posix_arch_console.c.obj)
 .text.np_timer_isr
                0x000000000804c2dd       0x71 zephyr/drivers/timer/libdrivers__timer.a(native_posix_timer.c.obj)
 .text.sys_clock_driver_init
                0x000000000804c34e       0x71 zephyr/drivers/timer/libdrivers__timer.a(native_posix_timer.c.obj)
 .text.sys_clock_set_timeout
                0x000000000804c3bf       0x2b zephyr/drivers/timer/libdrivers__timer.a(native_posix_timer.c.obj)
                0x000000000804c3bf                sys_clock_set_timeout
 .text.sys_clock_elapsed
                0x000000000804c3ea       0x2f zephyr/drivers/timer/libdrivers__timer.a(native_posix_timer.c.obj)
                0x000000000804c3ea                sys_clock_elapsed
 .text.k_sys_fatal_error_handler
                0x000000000804c419        0xe zephyr/kernel/libkernel.a(fatal.c.obj)
                0x000000000804c419                k_sys_fatal_error_handler
 .text.z_fatal_error
                0x000000000804c427       0x46 zephyr/kernel/libkernel.a(fatal.c.obj)
                0x000000000804c427                z_fatal_error
 .text.z_sys_init_run_level
                0x000000000804c46d       0x63 zephyr/kernel/libkernel.a(init.c.obj)
 .text.bg_thread_main
                0x000000000804c4d0       0x39 zephyr/kernel/libkernel.a(init.c.obj)
 .text.z_init_cpu
                0x000000000804c509       0x6c zephyr/kernel/libkernel.a(init.c.obj)
                0x000000000804c509                z_init_cpu
 .text.z_cstart
                0x000000000804c575       0xc4 zephyr/kernel/libkernel.a(init.c.obj)
                0x000000000804c575                z_cstart
 .text.z_setup_new_thread
                0x000000000804c639       0x83 zephyr/kernel/libkernel.a(thread.c.obj)
                0x000000000804c639                z_setup_new_thread
 .text.z_init_static_threads
                0x000000000804c6bc       0xb2 zephyr/kernel/libkernel.a(thread.c.obj)
                0x000000000804c6bc                z_init_static_threads
 .text.idle     0x000000000804c76e       0x12 zephyr/kernel/libkernel.a(idle.c.obj)
                0x000000000804c76e                idle
 .text.k_msgq_init
                0x000000000804c780       0x3a zephyr/kernel/libkernel.a(msg_q.c.obj)
                0x000000000804c780                k_msgq_init
 .text.z_impl_k_msgq_put
                0x000000000804c7ba       0xce zephyr/kernel/libkernel.a(msg_q.c.obj)
                0x000000000804c7ba                z_impl_k_msgq_put
 .text.z_impl_k_msgq_get
                0x000000000804c888       0xea zephyr/kernel/libkernel.a(msg_q.c.obj)
                0x000000000804c888                z_impl_k_msgq_get
 .text.sys_dlist_remove
                0x000000000804c972       0x18 zephyr/kernel/libkernel.a(sched.c.obj)
 .text.sliceable
                0x000000000804c98a       0x3a zephyr/kernel/libkernel.a(sched.c.obj)
 .text.slice_timeout
                0x000000000804c9c4       0x1d zephyr/kernel/libkernel.a(sched.c.obj)
 .text.unpend_thread_no_timeout
                0x000000000804c9e1       0x18 zephyr/kernel/libkernel.a(sched.c.obj)
 .text.z_reset_time_slice
                0x000000000804c9f9       0x52 zephyr/kernel/libkernel.a(sched.c.obj)
                0x000000000804c9f9                z_reset_time_slice
 .text.z_reschedule
                0x000000000804ca4b       0x34 zephyr/kernel/libkernel.a(sched.c.obj)
                0x000000000804ca4b                z_reschedule
 .text.z_reschedule_irqlock
                0x000000000804ca7f       0x21 zephyr/kernel/libkernel.a(sched.c.obj)
                0x000000000804ca7f                z_reschedule_irqlock
 .text.z_reschedule_unlocked
                0x000000000804caa0       0x19 zephyr/kernel/libkernel.a(sched.c.obj)
 .text.k_sched_lock
                0x000000000804cab9       0x22 zephyr/kernel/libkernel.a(sched.c.obj)
                0x000000000804cab9                k_sched_lock
 .text.z_priq_dumb_best
                0x000000000804cadb       0x14 zephyr/kernel/libkernel.a(sched.c.obj)
                0x000000000804cadb                z_priq_dumb_best
 .text.update_cache
                0x000000000804caef       0x56 zephyr/kernel/libkernel.a(sched.c.obj)
 .text.move_thread_to_end_of_prio_q
                0x000000000804cb45       0x80 zephyr/kernel/libkernel.a(sched.c.obj)
 .text.z_time_slice
                0x000000000804cbc5       0x59 zephyr/kernel/libkernel.a(sched.c.obj)
                0x000000000804cbc5                z_time_slice
 .text.ready_thread
                0x000000000804cc1e       0x79 zephyr/kernel/libkernel.a(sched.c.obj)
 .text.z_ready_thread
                0x000000000804cc97       0x21 zephyr/kernel/libkernel.a(sched.c.obj)
                0x000000000804cc97                z_ready_thread
 .text.z_sched_start
                0x000000000804ccb8       0x48 zephyr/kernel/libkernel.a(sched.c.obj)
                0x000000000804ccb8                z_sched_start
 .text.z_sched_wake_thread
                0x000000000804cd00       0x54 zephyr/kernel/libkernel.a(sched.c.obj)
                0x000000000804cd00                z_sched_wake_thread
 .text.z_thread_timeout
                0x000000000804cd54       0x19 zephyr/kernel/libkernel.a(sched.c.obj)
                0x000000000804cd54                z_thread_timeout
 .text.unready_thread
                0x000000000804cd6d       0x2a zephyr/kernel/libkernel.a(sched.c.obj)
 .text.add_to_waitq_locked
                0x000000000804cd97       0x5e zephyr/kernel/libkernel.a(sched.c.obj)
 .text.pend_locked
                0x000000000804cdf5       0x3d zephyr/kernel/libkernel.a(sched.c.obj)
 .text.z_pend_curr
                0x000000000804ce32       0x40 zephyr/kernel/libkernel.a(sched.c.obj)
                0x000000000804ce32                z_pend_curr
 .text.z_impl_k_thread_suspend
                0x000000000804ce72       0x6c zephyr/kernel/libkernel.a(sched.c.obj)
                0x000000000804ce72                z_impl_k_thread_suspend
 .text.k_sched_unlock
                0x000000000804cede       0x30 zephyr/kernel/libkernel.a(sched.c.obj)
                0x000000000804cede                k_sched_unlock
 .text.z_unpend_first_thread
                0x000000000804cf0e       0x49 zephyr/kernel/libkernel.a(sched.c.obj)
                0x000000000804cf0e                z_unpend_first_thread
 .text.z_sched_init
                0x000000000804cf57       0x15 zephyr/kernel/libkernel.a(sched.c.obj)
                0x000000000804cf57                z_sched_init
 .text.z_impl_k_yield
                0x000000000804cf6c       0x96 zephyr/kernel/libkernel.a(sched.c.obj)
                0x000000000804cf6c                z_impl_k_yield
 .text.z_tick_sleep
                0x000000000804d002       0x98 zephyr/kernel/libkernel.a(sched.c.obj)
 .text.z_impl_k_sleep
                0x000000000804d09a       0x36 zephyr/kernel/libkernel.a(sched.c.obj)
                0x000000000804d09a                z_impl_k_sleep
 .text.z_impl_z_current_get
                0x000000000804d0d0        0x6 zephyr/kernel/libkernel.a(sched.c.obj)
                0x000000000804d0d0                z_impl_z_current_get
 .text.z_thread_abort
                0x000000000804d0d6       0xff zephyr/kernel/libkernel.a(sched.c.obj)
                0x000000000804d0d6                z_thread_abort
 .text.elapsed  0x000000000804d1d5       0x11 zephyr/kernel/libkernel.a(timeout.c.obj)
 .text.next_timeout
                0x000000000804d1e6       0x57 zephyr/kernel/libkernel.a(timeout.c.obj)
 .text.remove_timeout
                0x000000000804d23d       0x3c zephyr/kernel/libkernel.a(timeout.c.obj)
 .text.z_add_timeout
                0x000000000804d279      0x13f zephyr/kernel/libkernel.a(timeout.c.obj)
                0x000000000804d279                z_add_timeout
 .text.z_abort_timeout
                0x000000000804d3b8       0x3b zephyr/kernel/libkernel.a(timeout.c.obj)
                0x000000000804d3b8                z_abort_timeout
 .text.sys_clock_announce
                0x000000000804d3f3       0xfe zephyr/kernel/libkernel.a(timeout.c.obj)
                0x000000000804d3f3                sys_clock_announce
 .text.sys_clock_tick_get
                0x000000000804d4f1       0x3d zephyr/kernel/libkernel.a(timeout.c.obj)
                0x000000000804d4f1                sys_clock_tick_get
 .text.sys_clock_tick_get_32
                0x000000000804d52e        0xd zephyr/kernel/libkernel.a(timeout.c.obj)
                0x000000000804d52e                sys_clock_tick_get_32
 .text._posix_zephyr_main
                0x000000000804d53b        0x4 zephyr/kernel/libkernel.a(main_weak.c.obj)
                0x000000000804d53b                _posix_zephyr_main
 .text.boot_banner
                0x000000000804d53f       0x15 zephyr/kernel/libkernel.a(banner.c.obj)
                0x000000000804d53f                boot_banner
 .text.z_device_state_init
                0x000000000804d554        0x1 zephyr/kernel/libkernel.a(device.c.obj)
                0x000000000804d554                z_device_state_init
 .text.k_heap_init
                0x000000000804d555       0x15 zephyr/kernel/libkernel.a(kheap.c.obj)
                0x000000000804d555                k_heap_init
 .text.statics_init
                0x000000000804d56a       0x2e zephyr/kernel/libkernel.a(kheap.c.obj)
 *(SORT_BY_ALIGNMENT(.gnu.warning))

.fini           0x000000000804d598       0x18
 *(SORT_NONE(.fini))
 .fini          0x000000000804d598       0x13 /usr/lib/gcc/x86_64-linux-gnu/11/../../../../lib32/crti.o
                0x000000000804d598                _fini
 .fini          0x000000000804d5ab        0x5 /usr/lib/gcc/x86_64-linux-gnu/11/../../../../lib32/crtn.o
                [!provide]                        PROVIDE (__etext = .)
                [!provide]                        PROVIDE (_etext = .)
                [!provide]                        PROVIDE (etext = .)
                0x000000000804e000                . = ALIGN (CONSTANT (MAXPAGESIZE))
                0x000000000804e000                . = SEGMENT_START ("rodata-segment", (ALIGN (CONSTANT (MAXPAGESIZE)) + (. & (CONSTANT (MAXPAGESIZE) - 0x1))))

.rodata         0x000000000804e000      0xe48
 *(SORT_BY_ALIGNMENT(.rodata) SORT_BY_ALIGNMENT(.rodata.*) SORT_BY_ALIGNMENT(.gnu.linkonce.r.*))
 .rodata.cst4   0x000000000804e000        0x4 /usr/lib/gcc/x86_64-linux-gnu/11/../../../../lib32/Scrt1.o
                0x000000000804e000                _IO_stdin_used
 .rodata.z_cbvprintf_impl
                0x000000000804e004       0xc0 zephyr/libzephyr.a(cbprintf_complete.c.obj)
 .rodata.native_pre_tasks.0
                0x000000000804e0c4       0x18 zephyr/soc/posix/inf_clock/libsoc__posix__inf_clock.a(soc.c.obj)
 .rodata.cst4   0x000000000804e0dc        0x8 zephyr/boards/posix/native_posix/libboards__posix__native_posix.a(hw_models_top.c.obj)
 .rodata.cst4   0x000000000804e0e4        0xc zephyr/boards/posix/native_posix/libboards__posix__native_posix.a(timer_model.c.obj)
                                         0x14 (size before relaxing)
 .rodata.__func__.0
                0x000000000804e0f0       0x1d zephyr/boards/posix/native_posix/libboards__posix__native_posix.a(irq_handler.c.obj)
 *fill*         0x000000000804e10d        0x3 
 .rodata.cst4   0x000000000804e110        0x4 zephyr/boards/posix/native_posix/libboards__posix__native_posix.a(cmdline_common.c.obj)
 .rodata.levels.0
                0x000000000804e114       0x18 zephyr/kernel/libkernel.a(init.c.obj)
 .rodata.thread2.str1.1
                0x000000000804e12c        0xa app/libapp.a(main.c.obj)
 .rodata.thread1.str1.1
                0x000000000804e136        0xa app/libapp.a(main.c.obj)
 .rodata.str1.1
                0x000000000804e140       0x16 app/libapp.a(main.c.obj)
 .rodata.str1.1
                0x000000000804e156       0x11 zephyr/libzephyr.a(cbprintf_packaged.c.obj)
 .rodata.z_thread_entry.str1.1
                0x000000000804e167       0x4e zephyr/libzephyr.a(thread_entry.c.obj)
 .rodata.z_cbvprintf_impl.str1.1
                0x000000000804e1b5        0x6 zephyr/libzephyr.a(cbprintf_complete.c.obj)
 .rodata.arch_system_halt.str1.1
                0x000000000804e1bb       0x47 zephyr/arch/arch/posix/core/libarch__posix__core.a(fatal.c.obj)
                                         0x6c (size before relaxing)
 .rodata.pc_safe_call.str1.1
                0x000000000804e202       0x1a zephyr/arch/arch/posix/core/libarch__posix__core.a(posix_core.c.obj)
 .rodata.posix_preexit_cleanup.str1.1
                0x000000000804e21c       0x23 zephyr/arch/arch/posix/core/libarch__posix__core.a(posix_core.c.obj)
 .rodata.posix_thread_starter.str1.1
                0x000000000804e23f       0x21 zephyr/arch/arch/posix/core/libarch__posix__core.a(posix_core.c.obj)
 .rodata.posix_swap.str1.1
                0x000000000804e260       0x26 zephyr/arch/arch/posix/core/libarch__posix__core.a(posix_core.c.obj)
 .rodata.posix_new_thread.str1.1
                0x000000000804e286       0x8c zephyr/arch/arch/posix/core/libarch__posix__core.a(posix_core.c.obj)
 .rodata.posix_core_clean_up.str1.1
                0x000000000804e312       0x34 zephyr/arch/arch/posix/core/libarch__posix__core.a(posix_core.c.obj)
 .rodata.z_impl_k_thread_abort.str1.1
                0x000000000804e346       0x7c zephyr/arch/arch/posix/core/libarch__posix__core.a(posix_core.c.obj)
 .rodata.pc_safe_call.str1.1
                0x000000000804e3c2       0x1a zephyr/soc/posix/inf_clock/libsoc__posix__inf_clock.a(soc.c.obj)
 .rodata.zephyr_wrapper.str1.1
                0x000000000804e3c2       0x3c zephyr/soc/posix/inf_clock/libsoc__posix__inf_clock.a(soc.c.obj)
 .rodata.posix_change_cpu_state_and_wait.str1.1
                0x000000000804e3fe       0x22 zephyr/soc/posix/inf_clock/libsoc__posix__inf_clock.a(soc.c.obj)
 .rodata.posix_boot_cpu.str1.1
                0x000000000804e420       0x3b zephyr/soc/posix/inf_clock/libsoc__posix__inf_clock.a(soc.c.obj)
 .rodata.hwm_set_sig_handler.str1.1
                0x000000000804e45b       0x57 zephyr/boards/posix/native_posix/libboards__posix__native_posix.a(hw_models_top.c.obj)
                                         0x71 (size before relaxing)
 .rodata.hwm_one_event.str1.1
                0x000000000804e4b2       0x67 zephyr/boards/posix/native_posix/libboards__posix__native_posix.a(hw_models_top.c.obj)
 .rodata.cmd_rt_ratio_found.str1.1
                0x000000000804e519       0x3c zephyr/boards/posix/native_posix/libboards__posix__native_posix.a(timer_model.c.obj)
 .rodata.cmd_rt_drift_found.str1.1
                0x000000000804e555       0x3d zephyr/boards/posix/native_posix/libboards__posix__native_posix.a(timer_model.c.obj)
 .rodata.cmd_stop_at_found.str1.1
                0x000000000804e592       0x26 zephyr/boards/posix/native_posix/libboards__posix__native_posix.a(timer_model.c.obj)
 .rodata.str1.1
                0x000000000804e5b8      0x3d9 zephyr/boards/posix/native_posix/libboards__posix__native_posix.a(timer_model.c.obj)
                                        0x3e8 (size before relaxing)
 .rodata.posix_irq_handler.str1.1
                0x000000000804e991       0x2e zephyr/boards/posix/native_posix/libboards__posix__native_posix.a(irq_handler.c.obj)
 .rodata.posix_irq_handler_im_from_sw.str1.1
                0x000000000804e9bf       0x35 zephyr/boards/posix/native_posix/libboards__posix__native_posix.a(irq_handler.c.obj)
 .rodata.str1.1
                0x000000000804e9f4       0xb8 zephyr/boards/posix/native_posix/libboards__posix__native_posix.a(tracing.c.obj)
                                         0xbe (size before relaxing)
 .rodata.cmd_gen_switch_syntax.constprop.0.str1.1
                0x000000000804eaac       0x75 zephyr/boards/posix/native_posix/libboards__posix__native_posix.a(cmdline_common.c.obj)
                                         0x77 (size before relaxing)
 .rodata.cmd_is_option.str1.1
                0x000000000804eb21       0x5a zephyr/boards/posix/native_posix/libboards__posix__native_posix.a(cmdline_common.c.obj)
 .rodata.cmd_is_help_option.str1.1
                0x000000000804eb7b        0x4 zephyr/boards/posix/native_posix/libboards__posix__native_posix.a(cmdline_common.c.obj)
                                          0x9 (size before relaxing)
 .rodata.cmd_read_option_value.str1.1
                0x000000000804eb7f       0x76 zephyr/boards/posix/native_posix/libboards__posix__native_posix.a(cmdline_common.c.obj)
 .rodata.cmd_print_switches_help.str1.1
                0x000000000804ebf5       0x1d zephyr/boards/posix/native_posix/libboards__posix__native_posix.a(cmdline_common.c.obj)
                                         0x22 (size before relaxing)
 .rodata.cmd_print_long_help.str1.1
                0x000000000804ec12       0x7e zephyr/boards/posix/native_posix/libboards__posix__native_posix.a(cmdline_common.c.obj)
                                         0x7f (size before relaxing)
 .rodata.cmd_parse_one_arg.str1.1
                0x000000000804ec90       0x4b zephyr/boards/posix/native_posix/libboards__posix__native_posix.a(cmdline_common.c.obj)
 .rodata.native_add_command_line_opts.str1.1
                0x000000000804ecdb       0x1a zephyr/boards/posix/native_posix/libboards__posix__native_posix.a(cmdline.c.obj)
 .rodata.native_handle_cmd_line.str1.1
                0x000000000804ecf5       0x5f zephyr/boards/posix/native_posix/libboards__posix__native_posix.a(cmdline.c.obj)
 .rodata.str1.1
                0x000000000804ed54       0x66 zephyr/boards/posix/native_posix/libboards__posix__native_posix.a(cmdline.c.obj)
 .rodata.print_char.str1.1
                0x000000000804edba       0x66 zephyr/drivers/console/libdrivers__console.a(posix_arch_console.c.obj)
                                          0x4 (size before relaxing)
 .rodata.z_cstart.str1.1
                0x000000000804edba       0x26 zephyr/kernel/libkernel.a(init.c.obj)
                                         0x4b (size before relaxing)
 .rodata.str1.1
                0x000000000804ede0        0x3 zephyr/kernel/libkernel.a(init.c.obj)
 .rodata.z_thread_abort.str1.1
                0x000000000804ede3       0x2b zephyr/kernel/libkernel.a(sched.c.obj)
 .rodata.boot_banner.str1.1
                0x000000000804ee0e       0x3a zephyr/kernel/libkernel.a(banner.c.obj)

.rodata1
 *(SORT_BY_ALIGNMENT(.rodata1))

.eh_frame_hdr   0x000000000804ee48       0x34
 *(SORT_BY_ALIGNMENT(.eh_frame_hdr))
 .eh_frame_hdr  0x000000000804ee48       0x34 /usr/lib/gcc/x86_64-linux-gnu/11/../../../../lib32/Scrt1.o
                0x000000000804ee48                __GNU_EH_FRAME_HDR
 *(SORT_BY_ALIGNMENT(.eh_frame_entry) SORT_BY_ALIGNMENT(.eh_frame_entry.*))

.eh_frame       0x000000000804ee7c      0x12c
 *(SORT_BY_ALIGNMENT(.eh_frame))
 .eh_frame      0x000000000804ee7c       0x2c /usr/lib/gcc/x86_64-linux-gnu/11/../../../../lib32/Scrt1.o
 .eh_frame      0x000000000804eea8       0x24 /usr/lib/gcc/x86_64-linux-gnu/11/../../../../lib32/Scrt1.o
                                         0x40 (size before relaxing)
 .eh_frame      0x000000000804eecc       0x14 /usr/lib/gcc/x86_64-linux-gnu/11/../../../../lib32/Scrt1.o
                                         0x2c (size before relaxing)
 .eh_frame      0x000000000804eee0        0x0 /usr/lib/gcc/x86_64-linux-gnu/11/32/libgcc.a(_divdi3.o)
                                         0x58 (size before relaxing)
 .eh_frame      0x000000000804eee0       0x6c /usr/lib/gcc/x86_64-linux-gnu/11/32/libgcc.a(_udivdi3.o)
                                         0x84 (size before relaxing)
 .eh_frame      0x000000000804ef4c       0x58 /usr/lib/gcc/x86_64-linux-gnu/11/32/libgcc.a(_udivmoddi4.o)
                                         0x70 (size before relaxing)
 .eh_frame      0x000000000804efa4        0x4 /usr/lib/gcc/x86_64-linux-gnu/11/32/crtendS.o
 *(SORT_BY_ALIGNMENT(.eh_frame.*))

.gcc_except_table
 *(SORT_BY_ALIGNMENT(.gcc_except_table) SORT_BY_ALIGNMENT(.gcc_except_table.*))

.gnu_extab
 *(SORT_BY_ALIGNMENT(.gnu_extab*))

.exception_ranges
 *(SORT_BY_ALIGNMENT(.exception_ranges*))
                0x0000000008050e3c                . = DATA_SEGMENT_ALIGN (CONSTANT (MAXPAGESIZE), CONSTANT (COMMONPAGESIZE))

.eh_frame
 *(SORT_BY_ALIGNMENT(.eh_frame))
 *(SORT_BY_ALIGNMENT(.eh_frame.*))

.gnu_extab
 *(SORT_BY_ALIGNMENT(.gnu_extab))

.gcc_except_table
 *(SORT_BY_ALIGNMENT(.gcc_except_table) SORT_BY_ALIGNMENT(.gcc_except_table.*))

.exception_ranges
 *(SORT_BY_ALIGNMENT(.exception_ranges*))

.tdata          0x0000000008050e3c        0x0
                [!provide]                        PROVIDE (__tdata_start = .)
 *(SORT_BY_ALIGNMENT(.tdata) SORT_BY_ALIGNMENT(.tdata.*) SORT_BY_ALIGNMENT(.gnu.linkonce.td.*))

.tbss
 *(SORT_BY_ALIGNMENT(.tbss) SORT_BY_ALIGNMENT(.tbss.*) SORT_BY_ALIGNMENT(.gnu.linkonce.tb.*))
 *(SORT_BY_ALIGNMENT(.tcommon))

.preinit_array  0x0000000008050e3c        0x0
                [!provide]                        PROVIDE (__preinit_array_start = .)
 *(SORT_BY_ALIGNMENT(.preinit_array))
                [!provide]                        PROVIDE (__preinit_array_end = .)

.init_array     0x0000000008050e3c        0x4
                [!provide]                        PROVIDE (__init_array_start = .)
 *(SORT_BY_INIT_PRIORITY(.init_array.*) SORT_BY_INIT_PRIORITY(.ctors.*))
 *(SORT_BY_ALIGNMENT(.init_array) SORT_BY_ALIGNMENT(EXCLUDE_FILE(*crtend?.o *crtend.o *crtbegin?.o *crtbegin.o) .ctors))
 .init_array    0x0000000008050e3c        0x4 /usr/lib/gcc/x86_64-linux-gnu/11/32/crtbeginS.o
                [!provide]                        PROVIDE (__init_array_end = .)

.fini_array     0x0000000008050e40        0x4
                [!provide]                        PROVIDE (__fini_array_start = .)
 *(SORT_BY_INIT_PRIORITY(.fini_array.*) SORT_BY_INIT_PRIORITY(.dtors.*))
 *(SORT_BY_ALIGNMENT(.fini_array) SORT_BY_ALIGNMENT(EXCLUDE_FILE(*crtend?.o *crtend.o *crtbegin?.o *crtbegin.o) .dtors))
 .fini_array    0x0000000008050e40        0x4 /usr/lib/gcc/x86_64-linux-gnu/11/32/crtbeginS.o
                [!provide]                        PROVIDE (__fini_array_end = .)

.ctors
 *crtbegin.o(SORT_BY_ALIGNMENT(.ctors))
 *crtbegin?.o(SORT_BY_ALIGNMENT(.ctors))
 *(SORT_BY_ALIGNMENT(EXCLUDE_FILE(*crtend?.o *crtend.o) .ctors))
 *(SORT_BY_NAME(SORT_BY_ALIGNMENT(.ctors.*)))
 *(SORT_BY_ALIGNMENT(.ctors))

.dtors
 *crtbegin.o(SORT_BY_ALIGNMENT(.dtors))
 *crtbegin?.o(SORT_BY_ALIGNMENT(.dtors))
 *(SORT_BY_ALIGNMENT(EXCLUDE_FILE(*crtend?.o *crtend.o) .dtors))
 *(SORT_BY_NAME(SORT_BY_ALIGNMENT(.dtors.*)))
 *(SORT_BY_ALIGNMENT(.dtors))

.jcr
 *(SORT_BY_ALIGNMENT(.jcr))

.data.rel.ro    0x0000000008050e44        0x0
 *(SORT_BY_ALIGNMENT(.data.rel.ro.local*) SORT_BY_ALIGNMENT(.gnu.linkonce.d.rel.ro.local.*))
 *(SORT_BY_ALIGNMENT(.data.rel.ro) SORT_BY_ALIGNMENT(.data.rel.ro.*) SORT_BY_ALIGNMENT(.gnu.linkonce.d.rel.ro.*))
 .data.rel.ro   0x0000000008050e44        0x0 /usr/lib/gcc/x86_64-linux-gnu/11/../../../../lib32/Scrt1.o

.dynamic        0x0000000008050e44      0x100
 *(SORT_BY_ALIGNMENT(.dynamic))
 .dynamic       0x0000000008050e44      0x100 /usr/lib/gcc/x86_64-linux-gnu/11/../../../../lib32/Scrt1.o
                0x0000000008050e44                _DYNAMIC

.got            0x0000000008050f44       0xbc
 *(SORT_BY_ALIGNMENT(.got.plt))
 .got.plt       0x0000000008050f44       0xa8 /usr/lib/gcc/x86_64-linux-gnu/11/../../../../lib32/Scrt1.o
                0x0000000008050f44                _GLOBAL_OFFSET_TABLE_
 *(SORT_BY_ALIGNMENT(.igot.plt))
 .igot.plt      0x0000000008050fec        0x0 /usr/lib/gcc/x86_64-linux-gnu/11/../../../../lib32/Scrt1.o
 *(SORT_BY_ALIGNMENT(.got))
 .got           0x0000000008050fec       0x14 /usr/lib/gcc/x86_64-linux-gnu/11/../../../../lib32/Scrt1.o
 *(SORT_BY_ALIGNMENT(.igot))
                0x0000000008051000                . = DATA_SEGMENT_RELRO_END (., 0x0)

.data           0x0000000008051000      0x1da
 *(SORT_BY_ALIGNMENT(.data) SORT_BY_ALIGNMENT(.data.*) SORT_BY_ALIGNMENT(.gnu.linkonce.d.*))
 .data.timer_options.0
                0x0000000008051000       0xe0 zephyr/boards/posix/native_posix/libboards__posix__native_posix.a(timer_model.c.obj)
 .data.trace_options.0
                0x00000000080510e0       0x70 zephyr/boards/posix/native_posix/libboards__posix__native_posix.a(tracing.c.obj)
 *fill*         0x0000000008051150       0x10 
 .data.testargs_options.0
                0x0000000008051160       0x38 zephyr/boards/posix/native_posix/libboards__posix__native_posix.a(cmdline.c.obj)
 .data.end_of_time
                0x0000000008051198        0x8 zephyr/boards/posix/native_posix/libboards__posix__native_posix.a(hw_models_top.c.obj)
 .data.clock_ratio
                0x00000000080511a0        0x8 zephyr/boards/posix/native_posix/libboards__posix__native_posix.a(timer_model.c.obj)
 .data.irq_ctrl_timer
                0x00000000080511a8        0x8 zephyr/boards/posix/native_posix/libboards__posix__native_posix.a(irq_ctrl.c.obj)
                0x00000000080511a8                irq_ctrl_timer
 .data.rel.local
                0x00000000080511b0        0x4 /usr/lib/gcc/x86_64-linux-gnu/11/32/crtbeginS.o
                0x00000000080511b0                __dso_handle
 .data.interval
                0x00000000080511b4        0x4 app/libapp.a(main.c.obj)
                0x00000000080511b4                interval
 .data._char_out
                0x00000000080511b8        0x4 zephyr/libzephyr.a(printk.c.obj)
                0x00000000080511b8                _char_out
 .data.next_timer_index
                0x00000000080511bc        0x4 zephyr/boards/posix/native_posix/libboards__posix__native_posix.a(hw_models_top.c.obj)
 .data.currently_running_irq
                0x00000000080511c0        0x4 zephyr/boards/posix/native_posix/libboards__posix__native_posix.a(irq_handler.c.obj)
 .data.currently_running_prio
                0x00000000080511c4        0x4 zephyr/boards/posix/native_posix/libboards__posix__native_posix.a(irq_ctrl.c.obj)
 .data.is_a_tty
                0x00000000080511c8        0x8 zephyr/boards/posix/native_posix/libboards__posix__native_posix.a(tracing.c.obj)
 .data.timeout_list
                0x00000000080511d0        0x8 zephyr/kernel/libkernel.a(timeout.c.obj)
 .data.cpu_halted
                0x00000000080511d8        0x1 zephyr/soc/posix/inf_clock/libsoc__posix__inf_clock.a(soc.c.obj)
 .data.real_time_mode
                0x00000000080511d9        0x1 zephyr/boards/posix/native_posix/libboards__posix__native_posix.a(timer_model.c.obj)
LOAD /usr/lib/gcc/x86_64-linux-gnu/11/../../../../lib32/Scrt1.o
LOAD /usr/lib/gcc/x86_64-linux-gnu/11/../../../../lib32/crti.o
LOAD /usr/lib/gcc/x86_64-linux-gnu/11/32/crtbeginS.o
LOAD zephyr/CMakeFiles/zephyr_pre1.dir/misc/empty_file.c.obj
LOAD zephyr/CMakeFiles/zephyr_pre1.dir/dev_handles.c.obj
LOAD zephyr/CMakeFiles/offsets.dir/./arch/posix/core/offsets/offsets.c.obj

.tm_clone_table
                0x00000000080511dc        0x0
 .tm_clone_table
                0x00000000080511dc        0x0 /usr/lib/gcc/x86_64-linux-gnu/11/32/crtbeginS.o
 .tm_clone_table
                0x00000000080511dc        0x0 /usr/lib/gcc/x86_64-linux-gnu/11/32/crtendS.o

rom_start

initlevel       0x00000000080511dc       0x18
                0x00000000080511dc                __init_start = .
                0x00000000080511dc                __init_EARLY_start = .
 *(SORT_BY_NAME(SORT_BY_ALIGNMENT(.z_init_EARLY?_*)))
 *(SORT_BY_NAME(SORT_BY_ALIGNMENT(.z_init_EARLY??_*)))
                0x00000000080511dc                __init_PRE_KERNEL_1_start = .
 *(SORT_BY_NAME(SORT_BY_ALIGNMENT(.z_init_PRE_KERNEL_1?_*)))
 *(SORT_BY_NAME(SORT_BY_ALIGNMENT(.z_init_PRE_KERNEL_1??_*)))
 .z_init_PRE_KERNEL_130_
                0x00000000080511dc        0x8 zephyr/kernel/libkernel.a(kheap.c.obj)
 .z_init_PRE_KERNEL_199_
                0x00000000080511e4        0x8 zephyr/drivers/console/libdrivers__console.a(posix_arch_console.c.obj)
                0x00000000080511ec                __init_PRE_KERNEL_2_start = .
 *(SORT_BY_NAME(SORT_BY_ALIGNMENT(.z_init_PRE_KERNEL_2?_*)))
 .z_init_PRE_KERNEL_20_
                0x00000000080511ec        0x8 zephyr/drivers/timer/libdrivers__timer.a(native_posix_timer.c.obj)
 *(SORT_BY_NAME(SORT_BY_ALIGNMENT(.z_init_PRE_KERNEL_2??_*)))
                0x00000000080511f4                __init_POST_KERNEL_start = .
 *(SORT_BY_NAME(SORT_BY_ALIGNMENT(.z_init_POST_KERNEL?_*)))
 *(SORT_BY_NAME(SORT_BY_ALIGNMENT(.z_init_POST_KERNEL??_*)))
                0x00000000080511f4                __init_APPLICATION_start = .
 *(SORT_BY_NAME(SORT_BY_ALIGNMENT(.z_init_APPLICATION?_*)))
 *(SORT_BY_NAME(SORT_BY_ALIGNMENT(.z_init_APPLICATION??_*)))
                0x00000000080511f4                __init_SMP_start = .
 *(SORT_BY_NAME(SORT_BY_ALIGNMENT(.z_init_SMP?_*)))
 *(SORT_BY_NAME(SORT_BY_ALIGNMENT(.z_init_SMP??_*)))
                0x00000000080511f4                __init_end = .

device_area     0x00000000080511f4        0x0
                0x00000000080511f4                _device_list_start = .
 *(SORT_BY_NAME(SORT_BY_ALIGNMENT(._device.static.*_?_*)))
 *(SORT_BY_NAME(SORT_BY_ALIGNMENT(._device.static.*_??_*)))
                0x00000000080511f4                _device_list_end = .

initlevel_error
                0x00000000080511f4        0x0
 *(SORT_BY_NAME(SORT_BY_ALIGNMENT(.z_init_[_A-Z0-9]*)))
                0x0000000000000001                ASSERT ((SIZEOF (initlevel_error) == 0x0), Undefined initialization levels used.)

app_shmem_regions
                0x00000000080511f4        0x0
                0x00000000080511f4                __app_shmem_regions_start = .
 *(SORT_BY_NAME(SORT_BY_ALIGNMENT(.app_regions.*)))
                0x00000000080511f4                __app_shmem_regions_end = .

k_p4wq_initparam_area
                0x00000000080511f4        0x0
                0x00000000080511f4                _k_p4wq_initparam_list_start = .
 *(SORT_BY_NAME(SORT_BY_ALIGNMENT(._k_p4wq_initparam.static.*)))
                0x00000000080511f4                _k_p4wq_initparam_list_end = .

_static_thread_data_area
                0x00000000080511f4       0x58
                0x00000000080511f4                __static_thread_data_list_start = .
 *(SORT_BY_NAME(SORT_BY_ALIGNMENT(.__static_thread_data.static.*)))
 .__static_thread_data.static._k_thread_data_thread1_id_
                0x00000000080511f4       0x2c app/libapp.a(main.c.obj)
                0x00000000080511f4                _k_thread_data_thread1_id
 .__static_thread_data.static._k_thread_data_thread2_id_
                0x0000000008051220       0x2c app/libapp.a(main.c.obj)
                0x0000000008051220                _k_thread_data_thread2_id
                0x000000000805124c                __static_thread_data_list_end = .

device_handles  0x000000000805124c        0x0
                0x000000000805124c                __device_handles_start = .
 *(SORT_BY_NAME(SORT_BY_ALIGNMENT(.__device_handles_pass2*)))
                0x000000000805124c                __device_handles_end = .

ztest           0x000000000805124c        0x0
                0x000000000805124c                _ztest_expected_result_entry_list_start = .
 *(SORT_BY_NAME(SORT_BY_ALIGNMENT(._ztest_expected_result_entry.static.*)))
                0x000000000805124c                _ztest_expected_result_entry_list_end = .
                0x000000000805124c                _ztest_suite_node_list_start = .
 *(SORT_BY_NAME(SORT_BY_ALIGNMENT(._ztest_suite_node.static.*)))
                0x000000000805124c                _ztest_suite_node_list_end = .
                0x000000000805124c                _ztest_unit_test_list_start = .
 *(SORT_BY_NAME(SORT_BY_ALIGNMENT(._ztest_unit_test.static.*)))
                0x000000000805124c                _ztest_unit_test_list_end = .
                0x000000000805124c                _ztest_test_rule_list_start = .
 *(SORT_BY_NAME(SORT_BY_ALIGNMENT(._ztest_test_rule.static.*)))
                0x000000000805124c                _ztest_test_rule_list_end = .

bt_l2cap_fixed_chan_area
                0x000000000805124c        0x0
                0x000000000805124c                _bt_l2cap_fixed_chan_list_start = .
 *(SORT_BY_NAME(SORT_BY_ALIGNMENT(._bt_l2cap_fixed_chan.static.*)))
                0x000000000805124c                _bt_l2cap_fixed_chan_list_end = .

bt_gatt_service_static_area
                0x000000000805124c        0x0
                0x000000000805124c                _bt_gatt_service_static_list_start = .
 *(SORT_BY_NAME(SORT_BY_ALIGNMENT(._bt_gatt_service_static.static.*)))
                0x000000000805124c                _bt_gatt_service_static_list_end = .

log_strings_area
                0x000000000805124c        0x0
                0x000000000805124c                _log_strings_list_start = .
 *(SORT_BY_NAME(SORT_BY_ALIGNMENT(._log_strings.static.*)))
                0x000000000805124c                _log_strings_list_end = .

log_const_area  0x000000000805124c       0x10
                0x000000000805124c                _log_const_list_start = .
 *(SORT_BY_NAME(SORT_BY_ALIGNMENT(._log_const.static.*)))
 ._log_const.static.log_const_cbprintf_package_
                0x000000000805124c        0x8 zephyr/libzephyr.a(cbprintf_packaged.c.obj)
                0x000000000805124c                log_const_cbprintf_package
 ._log_const.static.log_const_os_
                0x0000000008051254        0x8 zephyr/kernel/libkernel.a(init.c.obj)
                0x0000000008051254                log_const_os
                0x000000000805125c                _log_const_list_end = .

log_backend_area
                0x000000000805125c        0x0
                0x000000000805125c                _log_backend_list_start = .
 *(SORT_BY_NAME(SORT_BY_ALIGNMENT(._log_backend.static.*)))
                0x000000000805125c                _log_backend_list_end = .

log_link_area   0x000000000805125c        0x0
                0x000000000805125c                _log_link_list_start = .
 *(SORT_BY_NAME(SORT_BY_ALIGNMENT(._log_link.static.*)))
                0x000000000805125c                _log_link_list_end = .

tracing_backend_area
                0x000000000805125c        0x0
                0x000000000805125c                _tracing_backend_list_start = .
 *(SORT_BY_NAME(SORT_BY_ALIGNMENT(._tracing_backend.static.*)))
                0x000000000805125c                _tracing_backend_list_end = .

zephyr_dbg_info
 *(SORT_BY_ALIGNMENT(.dbg_thread_info))

symbol_to_keep  0x000000000805125c        0x0
                0x000000000805125c                __symbol_to_keep_start = .
 *(SORT_BY_NAME(SORT_BY_ALIGNMENT(.symbol_to_keep*)))
                0x000000000805125c                __symbol_to_keep_end = .

shell_area      0x000000000805125c        0x0
                0x000000000805125c                _shell_list_start = .
 *(SORT_BY_NAME(SORT_BY_ALIGNMENT(._shell.static.*)))
                0x000000000805125c                _shell_list_end = .

shell_root_cmds_area
                0x000000000805125c        0x0
                0x000000000805125c                _shell_root_cmds_list_start = .
 *(SORT_BY_NAME(SORT_BY_ALIGNMENT(._shell_root_cmds.static.*)))
                0x000000000805125c                _shell_root_cmds_list_end = .

shell_subcmds_area
                0x000000000805125c        0x0
                0x000000000805125c                _shell_subcmds_list_start = .
 *(SORT_BY_NAME(SORT_BY_ALIGNMENT(._shell_subcmds.static.*)))
                0x000000000805125c                _shell_subcmds_list_end = .

shell_dynamic_subcmds_area
                0x000000000805125c        0x0
                0x000000000805125c                _shell_dynamic_subcmds_list_start = .
 *(SORT_BY_NAME(SORT_BY_ALIGNMENT(._shell_dynamic_subcmds.static.*)))
                0x000000000805125c                _shell_dynamic_subcmds_list_end = .

cfb_font_area   0x000000000805125c        0x0
                0x000000000805125c                _cfb_font_list_start = .
 *(SORT_BY_NAME(SORT_BY_ALIGNMENT(._cfb_font.static.*)))
                0x000000000805125c                _cfb_font_list_end = .

rodata

datas

device_states   0x000000000805125c        0x0
                0x000000000805125c                __device_states_start = .
 *(SORT_BY_ALIGNMENT(.z_devstate))
 *(SORT_BY_ALIGNMENT(.z_devstate.*))
                0x000000000805125c                __device_states_end = .

log_mpsc_pbuf_area
                0x000000000805125c        0x0
                0x000000000805125c                _log_mpsc_pbuf_list_start = .
 *(SORT_BY_NAME(SORT_BY_ALIGNMENT(._log_mpsc_pbuf.static.*)))
                0x000000000805125c                _log_mpsc_pbuf_list_end = .

log_msg_ptr_area
                0x000000000805125c        0x0
                0x000000000805125c                _log_msg_ptr_list_start = .
 *(SORT_BY_NAME(SORT_BY_ALIGNMENT(._log_msg_ptr.static.*)))
                0x000000000805125c                _log_msg_ptr_list_end = .

log_dynamic_area
                0x000000000805125c        0x0
                0x000000000805125c                _log_dynamic_list_start = .
 *(SORT_BY_NAME(SORT_BY_ALIGNMENT(._log_dynamic.static.*)))
                0x000000000805125c                _log_dynamic_list_end = .

k_timer_area    0x000000000805125c        0x0
                0x000000000805125c                _k_timer_list_start = .
 *(SORT_BY_NAME(SORT_BY_ALIGNMENT(._k_timer.static.*)))
                0x000000000805125c                _k_timer_list_end = .

k_mem_slab_area
                0x000000000805125c        0x0
                0x000000000805125c                _k_mem_slab_list_start = .
 *(SORT_BY_NAME(SORT_BY_ALIGNMENT(._k_mem_slab.static.*)))
                0x000000000805125c                _k_mem_slab_list_end = .

k_heap_area     0x000000000805125c        0x0
                0x000000000805125c                _k_heap_list_start = .
 *(SORT_BY_NAME(SORT_BY_ALIGNMENT(._k_heap.static.*)))
                0x000000000805125c                _k_heap_list_end = .

k_mutex_area    0x000000000805125c        0x0
                0x000000000805125c                _k_mutex_list_start = .
 *(SORT_BY_NAME(SORT_BY_ALIGNMENT(._k_mutex.static.*)))
                0x000000000805125c                _k_mutex_list_end = .

k_stack_area    0x000000000805125c        0x0
                0x000000000805125c                _k_stack_list_start = .
 *(SORT_BY_NAME(SORT_BY_ALIGNMENT(._k_stack.static.*)))
                0x000000000805125c                _k_stack_list_end = .

k_msgq_area     0x000000000805125c        0x0
                0x000000000805125c                _k_msgq_list_start = .
 *(SORT_BY_NAME(SORT_BY_ALIGNMENT(._k_msgq.static.*)))
                0x000000000805125c                _k_msgq_list_end = .

k_mbox_area     0x000000000805125c        0x0
                0x000000000805125c                _k_mbox_list_start = .
 *(SORT_BY_NAME(SORT_BY_ALIGNMENT(._k_mbox.static.*)))
                0x000000000805125c                _k_mbox_list_end = .

k_pipe_area     0x000000000805125c        0x0
                0x000000000805125c                _k_pipe_list_start = .
 *(SORT_BY_NAME(SORT_BY_ALIGNMENT(._k_pipe.static.*)))
                0x000000000805125c                _k_pipe_list_end = .

k_sem_area      0x000000000805125c        0x0
                0x000000000805125c                _k_sem_list_start = .
 *(SORT_BY_NAME(SORT_BY_ALIGNMENT(._k_sem.static.*)))
                0x000000000805125c                _k_sem_list_end = .

k_event_area    0x000000000805125c        0x0
                0x000000000805125c                _k_event_list_start = .
 *(SORT_BY_NAME(SORT_BY_ALIGNMENT(._k_event.static.*)))
                0x000000000805125c                _k_event_list_end = .

k_queue_area    0x000000000805125c        0x0
                0x000000000805125c                _k_queue_list_start = .
 *(SORT_BY_NAME(SORT_BY_ALIGNMENT(._k_queue.static.*)))
                0x000000000805125c                _k_queue_list_end = .

k_condvar_area  0x000000000805125c        0x0
                0x000000000805125c                _k_condvar_list_start = .
 *(SORT_BY_NAME(SORT_BY_ALIGNMENT(._k_condvar.static.*)))
                0x000000000805125c                _k_condvar_list_end = .

net_buf_pool_area
                0x000000000805125c        0x0
                0x000000000805125c                _net_buf_pool_list_start = .
 *(SORT_BY_NAME(SORT_BY_ALIGNMENT(._net_buf_pool.static.*)))
                0x000000000805125c                _net_buf_pool_list_end = .

native_pre_tasks
                0x000000000805125c        0x8
                0x000000000805125c                __native_tasks_start = .
                0x000000000805125c                __native_PRE_BOOT_1_tasks_start = .
 *(SORT_BY_NAME(SORT_BY_ALIGNMENT(.native_PRE_BOOT_1[0-9]_task)))
 .native_PRE_BOOT_11_task
                0x000000000805125c        0x4 zephyr/boards/posix/native_posix/libboards__posix__native_posix.a(timer_model.c.obj)
 *(SORT_BY_NAME(SORT_BY_ALIGNMENT(.native_PRE_BOOT_1[1-9][0-9]_task)))
 *(SORT_BY_NAME(SORT_BY_ALIGNMENT(.native_PRE_BOOT_1[1-9][0-9][0-9]_task)))
                0x0000000008051260                __native_PRE_BOOT_2_tasks_start = .
 *(SORT_BY_NAME(SORT_BY_ALIGNMENT(.native_PRE_BOOT_2[0-9]_task)))
 .native_PRE_BOOT_20_task
                0x0000000008051260        0x4 zephyr/boards/posix/native_posix/libboards__posix__native_posix.a(tracing.c.obj)
 *(SORT_BY_NAME(SORT_BY_ALIGNMENT(.native_PRE_BOOT_2[1-9][0-9]_task)))
 *(SORT_BY_NAME(SORT_BY_ALIGNMENT(.native_PRE_BOOT_2[1-9][0-9][0-9]_task)))
                0x0000000008051264                __native_PRE_BOOT_3_tasks_start = .
 *(SORT_BY_NAME(SORT_BY_ALIGNMENT(.native_PRE_BOOT_3[0-9]_task)))
 *(SORT_BY_NAME(SORT_BY_ALIGNMENT(.native_PRE_BOOT_3[1-9][0-9]_task)))
 *(SORT_BY_NAME(SORT_BY_ALIGNMENT(.native_PRE_BOOT_3[1-9][0-9][0-9]_task)))
                0x0000000008051264                __native_FIRST_SLEEP_tasks_start = .
 *(SORT_BY_NAME(SORT_BY_ALIGNMENT(.native_FIRST_SLEEP[0-9]_task)))
 *(SORT_BY_NAME(SORT_BY_ALIGNMENT(.native_FIRST_SLEEP[1-9][0-9]_task)))
 *(SORT_BY_NAME(SORT_BY_ALIGNMENT(.native_FIRST_SLEEP[1-9][0-9][0-9]_task)))
                0x0000000008051264                __native_ON_EXIT_tasks_start = .
 *(SORT_BY_NAME(SORT_BY_ALIGNMENT(.native_ON_EXIT[0-9]_task)))
 *(SORT_BY_NAME(SORT_BY_ALIGNMENT(.native_ON_EXIT[1-9][0-9]_task)))
 *(SORT_BY_NAME(SORT_BY_ALIGNMENT(.native_ON_EXIT[1-9][0-9][0-9]_task)))
                0x0000000008051264                __native_tasks_end = .
                0x0000000008051264                __data_region_end = .

noinit

.data1
 *(SORT_BY_ALIGNMENT(.data1))
                0x0000000008051264                _edata = .
                [!provide]                        PROVIDE (edata = .)
                0x0000000008051264                . = .
                0x0000000008051264                __bss_start = .

.bss            0x0000000008051280      0x6fc
 *(SORT_BY_ALIGNMENT(.dynbss))
 .dynbss        0x0000000008051280        0x8 /usr/lib/gcc/x86_64-linux-gnu/11/../../../../lib32/Scrt1.o
                0x0000000008051280                stderr@@GLIBC_2.0
                0x0000000008051284                stdout@@GLIBC_2.0
 *(SORT_BY_ALIGNMENT(.bss) SORT_BY_ALIGNMENT(.bss.*) SORT_BY_ALIGNMENT(.gnu.linkonce.b.*))
 *fill*         0x0000000008051288       0x18 
 .bss._k_thread_obj_thread2_id
                0x00000000080512a0       0x50 app/libapp.a(main.c.obj)
                0x00000000080512a0                _k_thread_obj_thread2_id
 *fill*         0x00000000080512f0       0x10 
 .bss._k_thread_obj_thread1_id
                0x0000000008051300       0x50 app/libapp.a(main.c.obj)
                0x0000000008051300                _k_thread_obj_thread1_id
 *fill*         0x0000000008051350       0x10 
 .bss.msgq      0x0000000008051360       0x28 app/libapp.a(main.c.obj)
                0x0000000008051360                msgq
 *fill*         0x0000000008051388       0x18 
 .bss.cond_threads
                0x00000000080513a0       0x30 zephyr/arch/arch/posix/core/libarch__posix__core.a(posix_core.c.obj)
 *fill*         0x00000000080513d0       0x10 
 .bss.cond_cpu  0x00000000080513e0       0x30 zephyr/soc/posix/inf_clock/libsoc__posix__inf_clock.a(soc.c.obj)
 *fill*         0x0000000008051410       0x10 
 .bss.args      0x0000000008051420       0x20 zephyr/boards/posix/native_posix/libboards__posix__native_posix.a(timer_model.c.obj)
 .bss.irq_vector_table
                0x0000000008051440      0x200 zephyr/boards/posix/native_posix/libboards__posix__native_posix.a(irq_handler.c.obj)
 .bss.irq_prio  0x0000000008051640       0x20 zephyr/boards/posix/native_posix/libboards__posix__native_posix.a(irq_ctrl.c.obj)
 .bss.stdout_buff
                0x0000000008051660      0x100 zephyr/drivers/console/libdrivers__console.a(posix_arch_console.c.obj)
 .bss.z_idle_threads
                0x0000000008051760       0x50 zephyr/kernel/libkernel.a(init.c.obj)
                0x0000000008051760                z_idle_threads
 *fill*         0x00000000080517b0       0x10 
 .bss.z_main_thread
                0x00000000080517c0       0x50 zephyr/kernel/libkernel.a(init.c.obj)
                0x00000000080517c0                z_main_thread
 *fill*         0x0000000008051810       0x10 
 .bss._kernel   0x0000000008051820       0x20 zephyr/kernel/libkernel.a(init.c.obj)
                0x0000000008051820                _kernel
 .bss.next_timer_time
                0x0000000008051840        0x8 zephyr/boards/posix/native_posix/libboards__posix__native_posix.a(hw_models_top.c.obj)
 .bss.simu_time
                0x0000000008051848        0x8 zephyr/boards/posix/native_posix/libboards__posix__native_posix.a(hw_models_top.c.obj)
 .bss.last_radj_stime
                0x0000000008051850        0x8 zephyr/boards/posix/native_posix/libboards__posix__native_posix.a(timer_model.c.obj)
 .bss.last_radj_rtime
                0x0000000008051858        0x8 zephyr/boards/posix/native_posix/libboards__posix__native_posix.a(timer_model.c.obj)
 .bss.rtc_offset
                0x0000000008051860        0x8 zephyr/boards/posix/native_posix/libboards__posix__native_posix.a(timer_model.c.obj)
 .bss.silent_ticks
                0x0000000008051868        0x8 zephyr/boards/posix/native_posix/libboards__posix__native_posix.a(timer_model.c.obj)
 .bss.tick_p    0x0000000008051870        0x8 zephyr/boards/posix/native_posix/libboards__posix__native_posix.a(timer_model.c.obj)
 .bss.hw_timer_awake_timer
                0x0000000008051878        0x8 zephyr/boards/posix/native_posix/libboards__posix__native_posix.a(timer_model.c.obj)
                0x0000000008051878                hw_timer_awake_timer
 .bss.hw_timer_tick_timer
                0x0000000008051880        0x8 zephyr/boards/posix/native_posix/libboards__posix__native_posix.a(timer_model.c.obj)
                0x0000000008051880                hw_timer_tick_timer
 .bss.hw_timer_timer
                0x0000000008051888        0x8 zephyr/boards/posix/native_posix/libboards__posix__native_posix.a(timer_model.c.obj)
                0x0000000008051888                hw_timer_timer
 .bss.irq_mask  0x0000000008051890        0x8 zephyr/boards/posix/native_posix/libboards__posix__native_posix.a(irq_ctrl.c.obj)
 .bss.irq_premask
                0x0000000008051898        0x8 zephyr/boards/posix/native_posix/libboards__posix__native_posix.a(irq_ctrl.c.obj)
 .bss.irq_status
                0x00000000080518a0        0x8 zephyr/boards/posix/native_posix/libboards__posix__native_posix.a(irq_ctrl.c.obj)
 .bss.counter_period
                0x00000000080518a8        0x8 zephyr/boards/posix/native_posix/libboards__posix__native_posix.a(hw_counter.c.obj)
 .bss.counter_target
                0x00000000080518b0        0x8 zephyr/boards/posix/native_posix/libboards__posix__native_posix.a(hw_counter.c.obj)
 .bss.counter_value
                0x00000000080518b8        0x8 zephyr/boards/posix/native_posix/libboards__posix__native_posix.a(hw_counter.c.obj)
 .bss.hw_counter_timer
                0x00000000080518c0        0x8 zephyr/boards/posix/native_posix/libboards__posix__native_posix.a(hw_counter.c.obj)
                0x00000000080518c0                hw_counter_timer
 .bss.last_tick_time
                0x00000000080518c8        0x8 zephyr/drivers/timer/libdrivers__timer.a(native_posix_timer.c.obj)
 .bss.tick_period
                0x00000000080518d0        0x8 zephyr/drivers/timer/libdrivers__timer.a(native_posix_timer.c.obj)
 .bss.curr_tick
                0x00000000080518d8        0x8 zephyr/kernel/libkernel.a(timeout.c.obj)
 .bss.currently_allowed_thread
                0x00000000080518e0        0x4 zephyr/arch/arch/posix/core/libarch__posix__core.a(posix_core.c.obj)
 .bss.mtx_threads
                0x00000000080518e4       0x18 zephyr/arch/arch/posix/core/libarch__posix__core.a(posix_core.c.obj)
 .bss.thread_create_count
                0x00000000080518fc        0x4 zephyr/arch/arch/posix/core/libarch__posix__core.a(posix_core.c.obj)
 .bss.threads_table
                0x0000000008051900        0x4 zephyr/arch/arch/posix/core/libarch__posix__core.a(posix_core.c.obj)
 .bss.threads_table_size
                0x0000000008051904        0x4 zephyr/arch/arch/posix/core/libarch__posix__core.a(posix_core.c.obj)
 .bss.mtx_cpu   0x0000000008051908       0x18 zephyr/soc/posix/inf_clock/libsoc__posix__inf_clock.a(soc.c.obj)
 .bss.signaled_end
                0x0000000008051920        0x4 zephyr/boards/posix/native_posix/libboards__posix__native_posix.a(hw_models_top.c.obj)
 .bss.may_swap.1
                0x0000000008051924        0x4 zephyr/boards/posix/native_posix/libboards__posix__native_posix.a(irq_handler.c.obj)
 .bss.max_exit_code.0
                0x0000000008051928        0x4 zephyr/boards/posix/native_posix/libboards__posix__native_posix.a(main.c.obj)
 .bss.args_aval
                0x000000000805192c        0x4 zephyr/boards/posix/native_posix/libboards__posix__native_posix.a(cmdline.c.obj)
 .bss.used_args
                0x0000000008051930        0x4 zephyr/boards/posix/native_posix/libboards__posix__native_posix.a(cmdline.c.obj)
 .bss.args_struct
                0x0000000008051934        0x4 zephyr/boards/posix/native_posix/libboards__posix__native_posix.a(cmdline.c.obj)
 .bss.test_argv
                0x0000000008051938        0x4 zephyr/boards/posix/native_posix/libboards__posix__native_posix.a(cmdline.c.obj)
 .bss.s_argv    0x000000000805193c        0x4 zephyr/boards/posix/native_posix/libboards__posix__native_posix.a(cmdline.c.obj)
 .bss.test_argc
                0x0000000008051940        0x4 zephyr/boards/posix/native_posix/libboards__posix__native_posix.a(cmdline.c.obj)
 .bss.s_argc    0x0000000008051944        0x4 zephyr/boards/posix/native_posix/libboards__posix__native_posix.a(cmdline.c.obj)
 .bss.n_pend    0x0000000008051948        0x4 zephyr/drivers/console/libdrivers__console.a(posix_arch_console.c.obj)
 .bss._cpus_active
                0x000000000805194c        0x4 zephyr/kernel/libkernel.a(init.c.obj)
                0x000000000805194c                _cpus_active
 .bss.slice_timeouts
                0x0000000008051950       0x14 zephyr/kernel/libkernel.a(sched.c.obj)
 .bss.slice_max_prio
                0x0000000008051964        0x4 zephyr/kernel/libkernel.a(sched.c.obj)
 .bss.slice_ticks
                0x0000000008051968        0x4 zephyr/kernel/libkernel.a(sched.c.obj)
 .bss.announce_remaining
                0x000000000805196c        0x4 zephyr/kernel/libkernel.a(timeout.c.obj)
 .bss           0x0000000008051970        0x1 /usr/lib/gcc/x86_64-linux-gnu/11/32/crtbeginS.o
 .bss.terminate
                0x0000000008051971        0x1 zephyr/arch/arch/posix/core/libarch__posix__core.a(posix_core.c.obj)
 .bss.soc_terminate
                0x0000000008051972        0x1 zephyr/soc/posix/inf_clock/libsoc__posix__inf_clock.a(soc.c.obj)
 .bss.reset_rtc
                0x0000000008051973        0x1 zephyr/boards/posix/native_posix/libboards__posix__native_posix.a(timer_model.c.obj)
 .bss.lock_ignore
                0x0000000008051974        0x1 zephyr/boards/posix/native_posix/libboards__posix__native_posix.a(irq_ctrl.c.obj)
 .bss.irqs_locked
                0x0000000008051975        0x1 zephyr/boards/posix/native_posix/libboards__posix__native_posix.a(irq_ctrl.c.obj)
 .bss.counter_running
                0x0000000008051976        0x1 zephyr/boards/posix/native_posix/libboards__posix__native_posix.a(hw_counter.c.obj)
 .bss.z_sys_post_kernel
                0x0000000008051977        0x1 zephyr/kernel/libkernel.a(init.c.obj)
                0x0000000008051977                z_sys_post_kernel
 .bss.slice_expired
                0x0000000008051978        0x1 zephyr/kernel/libkernel.a(sched.c.obj)
 .bss.sched_spinlock
                0x0000000008051979        0x0 zephyr/kernel/libkernel.a(sched.c.obj)
                0x0000000008051979                sched_spinlock
 *(SORT_BY_ALIGNMENT(COMMON))
                0x000000000805197c                . = ALIGN ((. != 0x0)?0x4:0x1)
 *fill*         0x0000000008051979        0x3 

.noinit."WEST_TOPDIR/zephyr/samples/ZephyrThreadEx/src/main.c".1
                0x000000000805197c      0x400
 .noinit."WEST_TOPDIR/zephyr/samples/ZephyrThreadEx/src/main.c".1
                0x000000000805197c      0x400 app/libapp.a(main.c.obj)
                0x000000000805197c                _k_thread_stack_thread2_id

.noinit."WEST_TOPDIR/zephyr/samples/ZephyrThreadEx/src/main.c".0
                0x0000000008051d7c      0x400
 .noinit."WEST_TOPDIR/zephyr/samples/ZephyrThreadEx/src/main.c".0
                0x0000000008051d7c      0x400 app/libapp.a(main.c.obj)
                0x0000000008051d7c                _k_thread_stack_thread1_id

.noinit."WEST_TOPDIR/zephyr/kernel/init.c".2
                0x000000000805217c      0x800
 .noinit."WEST_TOPDIR/zephyr/kernel/init.c".2
                0x000000000805217c      0x800 zephyr/kernel/libkernel.a(init.c.obj)
                0x000000000805217c                z_interrupt_stacks

.noinit."WEST_TOPDIR/zephyr/kernel/init.c".1
                0x000000000805297c      0x100
 .noinit."WEST_TOPDIR/zephyr/kernel/init.c".1
                0x000000000805297c      0x100 zephyr/kernel/libkernel.a(init.c.obj)

.noinit."WEST_TOPDIR/zephyr/kernel/init.c".0